{"level":"info","message":"server running --- from server.ts","timestamp":"2025-01-01T03:27:47.824Z"}
{"level":"info","message":"GET URL REQ => http://localhost:6201/api/v1/users/login","timestamp":"2025-01-01T03:29:31.557Z"}
{"level":"info","message":"GET URL REQ => http://localhost:6201/api/v1/staff/dashBoard","timestamp":"2025-01-01T03:29:36.567Z"}
{"level":"info","message":"GET URL REQ => http://localhost:6201/api/v1/staff/dashBoard","timestamp":"2025-01-01T03:29:36.575Z"}
{"level":"info","message":"Router-----store Register Form Data","timestamp":"2025-01-01T03:29:36.580Z"}
{"level":"info","message":"GET URL REQ => http://localhost:6201/api/v1/validateTokenData","timestamp":"2025-01-01T03:29:36.581Z"}
{"level":"info","message":"Router-----store Register Form Data","timestamp":"2025-01-01T03:29:36.590Z"}
{"level":"info","message":"GET URL REQ => http://localhost:6201/api/v1/validateTokenData","timestamp":"2025-01-01T03:29:36.591Z"}
{"level":"info","message":"Router-----store Register Form Data","timestamp":"2025-01-01T03:29:57.790Z"}
{"level":"info","message":"GET URL REQ => http://localhost:6201/api/v1/validateTokenData","timestamp":"2025-01-01T03:29:57.792Z"}
{"level":"info","message":"Router-----store Register Form Data","timestamp":"2025-01-01T03:29:57.797Z"}
{"level":"info","message":"GET URL REQ => http://localhost:6201/api/v1/validateTokenData","timestamp":"2025-01-01T03:29:57.800Z"}
{"level":"info","message":"GET URL REQ => http://localhost:6201/api/v1/director/staffAuditList","timestamp":"2025-01-01T03:29:58.383Z"}
{"level":"info","message":"GET URL REQ => http://localhost:6201/api/v1/director/staffAuditList","timestamp":"2025-01-01T03:29:58.405Z"}
{"level":"info","message":"GET URL REQ => http://localhost:6201/api/v1/director/staffAuditList","timestamp":"2025-01-01T03:29:58.425Z"}
{"level":"info","message":"GET URL REQ => http://localhost:6201/api/v1/director/userUpdateAuditList","timestamp":"2025-01-01T03:30:00.436Z"}
{"level":"info","message":"GET URL REQ => http://localhost:6201/api/v1/director/userDataListApproval","timestamp":"2025-01-01T03:30:00.442Z"}
{"level":"info","message":"Router-----store Register Form Data","timestamp":"2025-01-01T03:30:24.135Z"}
{"level":"info","message":"GET URL REQ => http://localhost:6201/api/v1/validateTokenData","timestamp":"2025-01-01T03:30:24.138Z"}
{"level":"info","message":"Router-----store Register Form Data","timestamp":"2025-01-01T03:30:24.146Z"}
{"level":"info","message":"GET URL REQ => http://localhost:6201/api/v1/validateTokenData","timestamp":"2025-01-01T03:30:24.147Z"}
{"level":"info","message":"GET URL REQ => http://localhost:6201/api/v1/staff/ProfileData","timestamp":"2025-01-01T03:30:24.152Z"}
{"level":"info","message":"GET URL REQ => http://localhost:6201/api/v1/staff/ProfileData","timestamp":"2025-01-01T03:30:24.160Z"}
{"level":"info","message":"GET URL REQ => http://localhost:6201/api/v1/users/login","timestamp":"2025-01-01T03:30:34.824Z"}
{"level":"info","message":"GET URL REQ => http://localhost:6201/api/v1/staff/dashBoard","timestamp":"2025-01-01T03:30:36.392Z"}
{"level":"info","message":"Router-----store Register Form Data","timestamp":"2025-01-01T03:30:36.397Z"}
{"level":"info","message":"GET URL REQ => http://localhost:6201/api/v1/validateTokenData","timestamp":"2025-01-01T03:30:36.399Z"}
{"level":"info","message":"GET URL REQ => http://localhost:6201/api/v1/staff/dashBoard","timestamp":"2025-01-01T03:30:36.405Z"}
{"level":"info","message":"Router-----store Register Form Data","timestamp":"2025-01-01T03:30:36.409Z"}
{"level":"info","message":"GET URL REQ => http://localhost:6201/api/v1/validateTokenData","timestamp":"2025-01-01T03:30:36.410Z"}
{"level":"info","message":"Router-----store Register Form Data","timestamp":"2025-01-01T03:30:42.162Z"}
{"level":"info","message":"GET URL REQ => http://localhost:6201/api/v1/validateTokenData","timestamp":"2025-01-01T03:30:42.163Z"}
{"level":"info","message":"Router-----store Register Form Data","timestamp":"2025-01-01T03:30:42.167Z"}
{"level":"info","message":"GET URL REQ => http://localhost:6201/api/v1/validateTokenData","timestamp":"2025-01-01T03:30:42.167Z"}
{"level":"info","message":"GET URL REQ => http://localhost:6201/api/v1/director/staffAuditList","timestamp":"2025-01-01T03:30:42.366Z"}
{"level":"info","message":"GET URL REQ => http://localhost:6201/api/v1/director/staffAuditList","timestamp":"2025-01-01T03:30:42.380Z"}
{"level":"info","message":"GET URL REQ => http://localhost:6201/api/v1/staff/ProfileData","timestamp":"2025-01-01T03:30:44.646Z"}
{"level":"info","message":"Router-----store Register Form Data","timestamp":"2025-01-01T03:30:44.652Z"}
{"level":"info","message":"GET URL REQ => http://localhost:6201/api/v1/validateTokenData","timestamp":"2025-01-01T03:30:44.652Z"}
{"level":"info","message":"Router-----store Register Form Data","timestamp":"2025-01-01T03:30:44.658Z"}
{"level":"info","message":"GET URL REQ => http://localhost:6201/api/v1/validateTokenData","timestamp":"2025-01-01T03:30:44.659Z"}
{"level":"info","message":"GET URL REQ => http://localhost:6201/api/v1/staff/ProfileData","timestamp":"2025-01-01T03:30:44.663Z"}
{"level":"info","message":"GET URL REQ => http://localhost:6201/api/v1/users/login","timestamp":"2025-01-01T03:31:01.463Z"}
{"level":"info","message":"GET URL REQ => http://localhost:6201/api/v1/staff/dashBoard","timestamp":"2025-01-01T03:31:04.104Z"}
{"level":"info","message":"Router-----store Register Form Data","timestamp":"2025-01-01T03:31:04.113Z"}
{"level":"info","message":"GET URL REQ => http://localhost:6201/api/v1/validateTokenData","timestamp":"2025-01-01T03:31:04.114Z"}
{"level":"info","message":"GET URL REQ => http://localhost:6201/api/v1/staff/dashBoard","timestamp":"2025-01-01T03:31:04.117Z"}
{"level":"info","message":"Router-----store Register Form Data","timestamp":"2025-01-01T03:31:04.124Z"}
{"level":"info","message":"GET URL REQ => http://localhost:6201/api/v1/validateTokenData","timestamp":"2025-01-01T03:31:04.125Z"}
{"level":"info","message":"Router-----store Register Form Data","timestamp":"2025-01-01T03:31:06.632Z"}
{"level":"info","message":"GET URL REQ => http://localhost:6201/api/v1/validateTokenData","timestamp":"2025-01-01T03:31:06.632Z"}
{"level":"info","message":"Router-----store Register Form Data","timestamp":"2025-01-01T03:31:06.640Z"}
{"level":"info","message":"GET URL REQ => http://localhost:6201/api/v1/validateTokenData","timestamp":"2025-01-01T03:31:06.640Z"}
{"level":"info","message":"GET URL REQ => http://localhost:6201/api/v1/attendance/overView","timestamp":"2025-01-01T03:31:06.645Z"}
{"level":"info","message":"GET URL REQ => http://localhost:6201/api/v1/attendance/overView","timestamp":"2025-01-01T03:31:06.649Z"}
{"level":"info","message":"Router-----store Register Form Data","timestamp":"2025-01-01T03:31:07.187Z"}
{"level":"info","message":"GET URL REQ => http://localhost:6201/api/v1/validateTokenData","timestamp":"2025-01-01T03:31:07.188Z"}
{"level":"info","message":"Router-----store Register Form Data","timestamp":"2025-01-01T03:31:07.193Z"}
{"level":"info","message":"GET URL REQ => http://localhost:6201/api/v1/validateTokenData","timestamp":"2025-01-01T03:31:07.194Z"}
{"level":"info","message":"GET URL REQ => http://localhost:6201/api/v1/futureClients/data","timestamp":"2025-01-01T03:31:07.388Z"}
{"level":"info","message":"GET URL REQ => http://localhost:6201/api/v1/futureClients/data","timestamp":"2025-01-01T03:31:07.394Z"}
{"level":"info","message":"Router-----store Register Form Data","timestamp":"2025-01-01T03:31:07.700Z"}
{"level":"info","message":"GET URL REQ => http://localhost:6201/api/v1/validateTokenData","timestamp":"2025-01-01T03:31:07.703Z"}
{"level":"info","message":"Router-----store Register Form Data","timestamp":"2025-01-01T03:31:07.706Z"}
{"level":"info","message":"GET URL REQ => http://localhost:6201/api/v1/validateTokenData","timestamp":"2025-01-01T03:31:07.707Z"}
{"level":"info","message":"GET URL REQ => http://localhost:6201/api/v1/director/userTypeLabel","timestamp":"2025-01-01T03:31:07.711Z"}
{"level":"info","message":"GET URL REQ => http://localhost:6201/api/v1/director/userTypeLabel","timestamp":"2025-01-01T03:31:07.715Z"}
{"level":"info","message":"GET URL REQ => http://localhost:6201/api/v1/director/staff","timestamp":"2025-01-01T03:31:07.845Z"}
{"level":"info","message":"GET URL REQ => http://localhost:6201/api/v1/director/staff","timestamp":"2025-01-01T03:31:07.854Z"}
{"level":"info","message":"Router-----store Register Form Data","timestamp":"2025-01-01T03:31:08.805Z"}
{"level":"info","message":"GET URL REQ => http://localhost:6201/api/v1/validateTokenData","timestamp":"2025-01-01T03:31:08.806Z"}
{"level":"info","message":"Router-----store Register Form Data","timestamp":"2025-01-01T03:31:08.809Z"}
{"level":"info","message":"GET URL REQ => http://localhost:6201/api/v1/validateTokenData","timestamp":"2025-01-01T03:31:08.809Z"}
{"level":"info","message":"GET URL REQ => http://localhost:6201/api/v1/director/userAuditList","timestamp":"2025-01-01T03:31:08.943Z"}
{"level":"info","message":"GET URL REQ => http://localhost:6201/api/v1/director/userAuditList","timestamp":"2025-01-01T03:31:08.952Z"}
{"level":"info","message":"GET URL REQ => http://localhost:6201/api/v1/director/userAuditList","timestamp":"2025-01-01T03:31:08.985Z"}
{"level":"info","message":"Router-----store Register Form Data","timestamp":"2025-01-01T03:31:10.561Z"}
{"level":"info","message":"GET URL REQ => http://localhost:6201/api/v1/validateTokenData","timestamp":"2025-01-01T03:31:10.562Z"}
{"level":"info","message":"Router-----store Register Form Data","timestamp":"2025-01-01T03:31:10.568Z"}
{"level":"info","message":"GET URL REQ => http://localhost:6201/api/v1/validateTokenData","timestamp":"2025-01-01T03:31:10.568Z"}
{"level":"info","message":"Router-----store Register Form Data","timestamp":"2025-01-01T03:31:12.803Z"}
{"level":"info","message":"GET URL REQ => http://localhost:6201/api/v1/validateTokenData","timestamp":"2025-01-01T03:31:12.804Z"}
{"level":"info","message":"Router-----store Register Form Data","timestamp":"2025-01-01T03:31:12.810Z"}
{"level":"info","message":"GET URL REQ => http://localhost:6201/api/v1/validateTokenData","timestamp":"2025-01-01T03:31:12.810Z"}
{"level":"info","message":"GET URL REQ => http://localhost:6201/api/v1/finance/studentDetails","timestamp":"2025-01-01T03:31:12.817Z"}
{"level":"info","message":"GET URL REQ => http://localhost:6201/api/v1/finance/studentDetails","timestamp":"2025-01-01T03:31:12.821Z"}
{"level":"info","message":"Router-----store Register Form Data","timestamp":"2025-01-01T03:31:24.214Z"}
{"level":"info","message":"GET URL REQ => http://localhost:6201/api/v1/validateTokenData","timestamp":"2025-01-01T03:31:24.214Z"}
{"level":"info","message":"Router-----store Register Form Data","timestamp":"2025-01-01T03:31:24.220Z"}
{"level":"info","message":"GET URL REQ => http://localhost:6201/api/v1/validateTokenData","timestamp":"2025-01-01T03:31:24.220Z"}
{"level":"info","message":"Router-----store Register Form Data","timestamp":"2025-01-01T03:31:24.847Z"}
{"level":"info","message":"GET URL REQ => http://localhost:6201/api/v1/validateTokenData","timestamp":"2025-01-01T03:31:24.848Z"}
{"level":"info","message":"GET URL REQ => http://localhost:6201/api/v1/staff/ProfileData","timestamp":"2025-01-01T03:31:24.854Z"}
{"level":"info","message":"Router-----store Register Form Data","timestamp":"2025-01-01T03:31:24.859Z"}
{"level":"info","message":"GET URL REQ => http://localhost:6201/api/v1/validateTokenData","timestamp":"2025-01-01T03:31:24.860Z"}
{"level":"info","message":"GET URL REQ => http://localhost:6201/api/v1/staff/ProfileData","timestamp":"2025-01-01T03:31:24.863Z"}
{"level":"info","message":"Router-----store Register Form Data","timestamp":"2025-01-01T03:31:27.099Z"}
{"level":"info","message":"GET URL REQ => http://localhost:6201/api/v1/validateTokenData","timestamp":"2025-01-01T03:31:27.101Z"}
{"level":"info","message":"Router-----store Register Form Data","timestamp":"2025-01-01T03:31:27.104Z"}
{"level":"info","message":"GET URL REQ => http://localhost:6201/api/v1/validateTokenData","timestamp":"2025-01-01T03:31:27.104Z"}
{"level":"info","message":"Router-----store Register Form Data","timestamp":"2025-01-01T03:31:27.861Z"}
{"level":"info","message":"GET URL REQ => http://localhost:6201/api/v1/validateTokenData","timestamp":"2025-01-01T03:31:27.865Z"}
{"level":"info","message":"GET URL REQ => http://localhost:6201/api/v1/staff/ProfileData","timestamp":"2025-01-01T03:31:27.871Z"}
{"level":"info","message":"Router-----store Register Form Data","timestamp":"2025-01-01T03:31:27.877Z"}
{"level":"info","message":"GET URL REQ => http://localhost:6201/api/v1/validateTokenData","timestamp":"2025-01-01T03:31:27.878Z"}
{"level":"info","message":"GET URL REQ => http://localhost:6201/api/v1/staff/ProfileData","timestamp":"2025-01-01T03:31:27.883Z"}
{"level":"info","message":"Router-----store Register Form Data","timestamp":"2025-01-01T03:31:39.241Z"}
{"level":"info","message":"GET URL REQ => http://localhost:6201/api/v1/validateTokenData","timestamp":"2025-01-01T03:31:39.242Z"}
{"level":"info","message":"GET URL REQ => http://localhost:6201/api/v1/attendance/overView","timestamp":"2025-01-01T03:31:39.247Z"}
{"level":"info","message":"Router-----store Register Form Data","timestamp":"2025-01-01T03:31:39.251Z"}
{"level":"info","message":"GET URL REQ => http://localhost:6201/api/v1/validateTokenData","timestamp":"2025-01-01T03:31:39.252Z"}
{"level":"info","message":"GET URL REQ => http://localhost:6201/api/v1/attendance/overView","timestamp":"2025-01-01T03:31:39.256Z"}
{"level":"info","message":"Router-----store Register Form Data","timestamp":"2025-01-01T03:31:39.995Z"}
{"level":"info","message":"GET URL REQ => http://localhost:6201/api/v1/validateTokenData","timestamp":"2025-01-01T03:31:39.996Z"}
{"level":"info","message":"Router-----store Register Form Data","timestamp":"2025-01-01T03:31:40.001Z"}
{"level":"info","message":"GET URL REQ => http://localhost:6201/api/v1/validateTokenData","timestamp":"2025-01-01T03:31:40.002Z"}
{"level":"info","message":"GET URL REQ => http://localhost:6201/api/v1/studentFees/Data","timestamp":"2025-01-01T03:31:40.009Z"}
{"level":"info","message":"GET URL REQ => http://localhost:6201/api/v1/studentFees/Data","timestamp":"2025-01-01T03:31:40.014Z"}
{"level":"info","message":"Router-----store Register Form Data","timestamp":"2025-01-01T03:31:42.625Z"}
{"level":"info","message":"GET URL REQ => http://localhost:6201/api/v1/validateTokenData","timestamp":"2025-01-01T03:31:42.626Z"}
{"level":"info","message":"Router-----store Register Form Data","timestamp":"2025-01-01T03:31:42.628Z"}
{"level":"info","message":"GET URL REQ => http://localhost:6201/api/v1/validateTokenData","timestamp":"2025-01-01T03:31:42.629Z"}
{"level":"info","message":"GET URL REQ => http://localhost:6201/api/v1/director/userAuditList","timestamp":"2025-01-01T03:31:42.810Z"}
{"level":"info","message":"GET URL REQ => http://localhost:6201/api/v1/director/userAuditList","timestamp":"2025-01-01T03:31:42.821Z"}
{"level":"info","message":"GET URL REQ => http://localhost:6201/api/v1/director/userAuditList","timestamp":"2025-01-01T03:31:42.858Z"}
{"level":"info","message":"GET URL REQ => http://localhost:6201/api/v1/director/staffAuditList","timestamp":"2025-01-01T03:31:50.596Z"}
{"level":"info","message":"GET URL REQ => http://localhost:6201/api/v1/director/userAuditList","timestamp":"2025-01-01T03:31:53.038Z"}
{"level":"info","message":"GET URL REQ => http://localhost:6201/api/v1/director/userUpdateAuditList","timestamp":"2025-01-01T03:31:55.592Z"}
{"level":"info","message":"GET URL REQ => http://localhost:6201/api/v1/director/userDataListApproval","timestamp":"2025-01-01T03:31:55.598Z"}
{"level":"info","message":"GET URL REQ => http://localhost:6201/api/v1/director/userUpdateAuditList","timestamp":"2025-01-01T03:31:58.013Z"}
{"level":"info","message":"GET URL REQ => http://localhost:6201/api/v1/director/userDataListApproval","timestamp":"2025-01-01T03:31:58.019Z"}
{"level":"info","message":"Router-----store Register Form Data","timestamp":"2025-01-01T03:32:11.364Z"}
{"level":"info","message":"GET URL REQ => http://localhost:6201/api/v1/validateTokenData","timestamp":"2025-01-01T03:32:11.364Z"}
{"level":"info","message":"Router-----store Register Form Data","timestamp":"2025-01-01T03:32:11.367Z"}
{"level":"info","message":"GET URL REQ => http://localhost:6201/api/v1/validateTokenData","timestamp":"2025-01-01T03:32:11.368Z"}
{"level":"info","message":"Router-----store Register Form Data","timestamp":"2025-01-01T03:32:12.364Z"}
{"level":"info","message":"GET URL REQ => http://localhost:6201/api/v1/validateTokenData","timestamp":"2025-01-01T03:32:12.365Z"}
{"level":"info","message":"Router-----store Register Form Data","timestamp":"2025-01-01T03:32:12.368Z"}
{"level":"info","message":"GET URL REQ => http://localhost:6201/api/v1/validateTokenData","timestamp":"2025-01-01T03:32:12.368Z"}
{"level":"info","message":"Router-----store Register Form Data","timestamp":"2025-01-01T03:32:22.579Z"}
{"level":"info","message":"GET URL REQ => http://localhost:6201/api/v1/validateTokenData","timestamp":"2025-01-01T03:32:22.580Z"}
{"level":"info","message":"Router-----store Register Form Data","timestamp":"2025-01-01T03:32:22.585Z"}
{"level":"info","message":"GET URL REQ => http://localhost:6201/api/v1/validateTokenData","timestamp":"2025-01-01T03:32:22.586Z"}
{"level":"info","message":"server running --- from server.ts","timestamp":"2025-01-01T03:37:04.457Z"}
{"level":"info","message":"Router-----store Register Form Data","timestamp":"2025-01-01T03:37:39.704Z"}
{"level":"info","message":"GET URL REQ => http://localhost:6201/api/v1/validateTokenData","timestamp":"2025-01-01T03:37:39.705Z"}
{"level":"info","message":"Router-----store Register Form Data","timestamp":"2025-01-01T03:37:39.716Z"}
{"level":"info","message":"GET URL REQ => http://localhost:6201/api/v1/validateTokenData","timestamp":"2025-01-01T03:37:39.717Z"}
{"level":"info","message":"GET URL REQ => http://localhost:6201/api/v1/users/login","timestamp":"2025-01-01T03:37:48.522Z"}
{"level":"info","message":"GET URL REQ => http://localhost:6201/api/v1/staff/dashBoard","timestamp":"2025-01-01T03:37:49.894Z"}
{"level":"info","message":"Router-----store Register Form Data","timestamp":"2025-01-01T03:37:49.904Z"}
{"level":"info","message":"GET URL REQ => http://localhost:6201/api/v1/validateTokenData","timestamp":"2025-01-01T03:37:49.905Z"}
{"level":"info","message":"GET URL REQ => http://localhost:6201/api/v1/staff/dashBoard","timestamp":"2025-01-01T03:37:49.909Z"}
{"level":"info","message":"Router-----store Register Form Data","timestamp":"2025-01-01T03:37:49.913Z"}
{"level":"info","message":"GET URL REQ => http://localhost:6201/api/v1/validateTokenData","timestamp":"2025-01-01T03:37:49.913Z"}
{"level":"info","message":"Router-----store Register Form Data","timestamp":"2025-01-01T03:38:00.331Z"}
{"level":"info","message":"GET URL REQ => http://localhost:6201/api/v1/validateTokenData","timestamp":"2025-01-01T03:38:00.332Z"}
{"level":"info","message":"Router-----store Register Form Data","timestamp":"2025-01-01T03:38:00.336Z"}
{"level":"info","message":"GET URL REQ => http://localhost:6201/api/v1/validateTokenData","timestamp":"2025-01-01T03:38:00.337Z"}
{"level":"info","message":"GET URL REQ => http://localhost:6201/api/v1/director/userAuditList","timestamp":"2025-01-01T03:38:00.476Z"}
{"level":"info","message":"GET URL REQ => http://localhost:6201/api/v1/director/userAuditList","timestamp":"2025-01-01T03:38:00.485Z"}
{"level":"info","message":"GET URL REQ => http://localhost:6201/api/v1/director/userAuditList","timestamp":"2025-01-01T03:38:00.531Z"}
{"level":"info","message":"GET URL REQ => http://localhost:6201/api/v1/director/staffAuditList","timestamp":"2025-01-01T03:38:16.868Z"}
{"level":"info","message":"GET URL REQ => http://localhost:6201/api/v1/director/userAuditList","timestamp":"2025-01-01T03:38:25.762Z"}
{"level":"info","message":"GET URL REQ => http://localhost:6201/api/v1/director/staffAuditList","timestamp":"2025-01-01T03:40:14.094Z"}
{"level":"info","message":"Router-----store Register Form Data","timestamp":"2025-01-01T03:40:18.482Z"}
{"level":"info","message":"GET URL REQ => http://localhost:6201/api/v1/validateTokenData","timestamp":"2025-01-01T03:40:18.483Z"}
{"level":"info","message":"GET URL REQ => http://localhost:6201/api/v1/staff/ProfileData","timestamp":"2025-01-01T03:40:18.487Z"}
{"level":"info","message":"Router-----store Register Form Data","timestamp":"2025-01-01T03:40:18.490Z"}
{"level":"info","message":"GET URL REQ => http://localhost:6201/api/v1/validateTokenData","timestamp":"2025-01-01T03:40:18.491Z"}
{"level":"info","message":"GET URL REQ => http://localhost:6201/api/v1/staff/ProfileData","timestamp":"2025-01-01T03:40:18.497Z"}
{"level":"info","message":"Router-----store Register Form Data","timestamp":"2025-01-01T03:40:26.542Z"}
{"level":"info","message":"GET URL REQ => http://localhost:6201/api/v1/validateTokenData","timestamp":"2025-01-01T03:40:26.543Z"}
{"level":"info","message":"Router-----store Register Form Data","timestamp":"2025-01-01T03:40:26.546Z"}
{"level":"info","message":"GET URL REQ => http://localhost:6201/api/v1/validateTokenData","timestamp":"2025-01-01T03:40:26.546Z"}
{"level":"info","message":"Router-----store Register Form Data","timestamp":"2025-01-01T03:40:28.889Z"}
{"level":"info","message":"GET URL REQ => http://localhost:6201/api/v1/validateTokenData","timestamp":"2025-01-01T03:40:28.890Z"}
{"level":"info","message":"GET URL REQ => http://localhost:6201/api/v1/staff/ProfileData","timestamp":"2025-01-01T03:40:28.895Z"}
{"level":"info","message":"Router-----store Register Form Data","timestamp":"2025-01-01T03:40:28.903Z"}
{"level":"info","message":"GET URL REQ => http://localhost:6201/api/v1/validateTokenData","timestamp":"2025-01-01T03:40:28.903Z"}
{"level":"info","message":"GET URL REQ => http://localhost:6201/api/v1/staff/ProfileData","timestamp":"2025-01-01T03:40:28.907Z"}
{"level":"info","message":"Router-----store Register Form Data","timestamp":"2025-01-01T03:40:42.527Z"}
{"level":"info","message":"GET URL REQ => http://localhost:6201/api/v1/validateTokenData","timestamp":"2025-01-01T03:40:42.528Z"}
{"level":"info","message":"Router-----store Register Form Data","timestamp":"2025-01-01T03:40:42.531Z"}
{"level":"info","message":"GET URL REQ => http://localhost:6201/api/v1/validateTokenData","timestamp":"2025-01-01T03:40:42.532Z"}
{"level":"info","message":"GET URL REQ => http://localhost:6201/api/v1/therapist/approvalData","timestamp":"2025-01-01T03:40:43.137Z"}
{"level":"info","message":"GET URL REQ => http://localhost:6201/api/v1/therapist/approvalData","timestamp":"2025-01-01T03:40:43.141Z"}
{"level":"info","message":"Router-----store Register Form Data","timestamp":"2025-01-01T03:40:43.949Z"}
{"level":"info","message":"GET URL REQ => http://localhost:6201/api/v1/validateTokenData","timestamp":"2025-01-01T03:40:43.949Z"}
{"level":"info","message":"Router-----store Register Form Data","timestamp":"2025-01-01T03:40:43.955Z"}
{"level":"info","message":"GET URL REQ => http://localhost:6201/api/v1/validateTokenData","timestamp":"2025-01-01T03:40:43.955Z"}
{"level":"info","message":"GET URL REQ => http://localhost:6201/api/v1/staff/userManagementPage","timestamp":"2025-01-01T03:40:44.197Z"}
{"level":"info","message":"GET URL REQ => http://localhost:6201/api/v1/staff/userManagementPage","timestamp":"2025-01-01T03:40:44.204Z"}
{"level":"info","message":"GET URL REQ => http://localhost:6201/api/v1/director/userData","timestamp":"2025-01-01T03:40:46.767Z"}
{"level":"info","message":"GET URL REQ => http://localhost:6201/api/v1/profile/passRegisterData","timestamp":"2025-01-01T03:40:46.774Z"}
{"level":"info","message":"GET URL REQ => http://localhost:6201/api/v1/director/userData","timestamp":"2025-01-01T03:40:48.443Z"}
{"level":"info","message":"GET URL REQ => http://localhost:6201/api/v1/profile/passRegisterData","timestamp":"2025-01-01T03:40:48.451Z"}
{"level":"info","message":"GET URL REQ line 1133=> http://localhost:6201/api/v1/user/profileData","timestamp":"2025-01-01T03:40:48.845Z"}
{"level":"info","message":"GET URL REQ line 1133=> http://localhost:6201/api/v1/user/profileData","timestamp":"2025-01-01T03:40:48.852Z"}
{"level":"info","message":"GET URL REQ => http://localhost:6201/api/v1/profile/MemberList","timestamp":"2025-01-01T03:40:57.897Z"}
{"level":"info","message":"GET URL REQ => http://localhost:6201/api/v1/profile/sectionTime","timestamp":"2025-01-01T03:41:01.149Z"}
{"level":"info","message":"GET URL REQ => http://localhost:6201/api/v1/profile/PackageTime","timestamp":"2025-01-01T03:41:03.480Z"}
{"level":"info","message":"GET URL REQ => http://localhost:6201/api/v1/profile/PackageTime","timestamp":"2025-01-01T03:41:06.795Z"}
{"level":"info","message":"GET URL REQ => http://localhost:6201/api/v1/profile/PackageTime","timestamp":"2025-01-01T03:41:08.591Z"}
{"level":"info","message":"\n\n\nGET URL REQ line 514=> http://localhost:6201/api/v1/profile/SessionUpdate\n\n\n","timestamp":"2025-01-01T03:41:14.507Z"}
{"level":"info","message":"GET URL REQ => http://localhost:6201/api/v1/staff/userManagementPage","timestamp":"2025-01-01T03:41:14.765Z"}
{"level":"info","message":"GET URL REQ line 1133=> http://localhost:6201/api/v1/user/profileData","timestamp":"2025-01-01T03:41:21.199Z"}
{"level":"info","message":"GET URL REQ line 1133=> http://localhost:6201/api/v1/user/profileData","timestamp":"2025-01-01T03:41:21.208Z"}
{"level":"info","message":"GET URL REQ line 1133=> http://localhost:6201/api/v1/user/profileData","timestamp":"2025-01-01T03:43:23.070Z"}
{"level":"info","message":"GET URL REQ line 1133=> http://localhost:6201/api/v1/user/profileData","timestamp":"2025-01-01T03:43:32.187Z"}
{"level":"info","message":"GET URL REQ line 1133=> http://localhost:6201/api/v1/user/profileData","timestamp":"2025-01-01T03:43:36.227Z"}
{"level":"info","message":"GET URL REQ line 1133=> http://localhost:6201/api/v1/user/profileData","timestamp":"2025-01-01T03:43:40.267Z"}
{"level":"info","message":"GET URL REQ line 1133=> http://localhost:6201/api/v1/user/profileData","timestamp":"2025-01-01T03:43:49.422Z"}
{"level":"info","message":"GET URL REQ line 1133=> http://localhost:6201/api/v1/user/profileData","timestamp":"2025-01-01T03:43:55.997Z"}
{"level":"info","message":"GET URL REQ line 1133=> http://localhost:6201/api/v1/user/profileData","timestamp":"2025-01-01T03:44:01.641Z"}
{"level":"info","message":"GET URL REQ line 1133=> http://localhost:6201/api/v1/user/profileData","timestamp":"2025-01-01T03:44:03.645Z"}
{"level":"info","message":"GET URL REQ line 1133=> http://localhost:6201/api/v1/user/profileData","timestamp":"2025-01-01T03:44:34.312Z"}
{"level":"info","message":"GET URL REQ line 1133=> http://localhost:6201/api/v1/user/profileData","timestamp":"2025-01-01T03:44:50.705Z"}
{"level":"info","message":"GET URL REQ line 1133=> http://localhost:6201/api/v1/user/profileData","timestamp":"2025-01-01T03:44:54.769Z"}
{"level":"info","message":"Router-----store Register Form Data","timestamp":"2025-01-01T03:45:31.492Z"}
{"level":"info","message":"GET URL REQ => http://localhost:6201/api/v1/validateTokenData","timestamp":"2025-01-01T03:45:31.493Z"}
{"level":"info","message":"Router-----store Register Form Data","timestamp":"2025-01-01T03:45:31.498Z"}
{"level":"info","message":"GET URL REQ => http://localhost:6201/api/v1/validateTokenData","timestamp":"2025-01-01T03:45:31.499Z"}
{"level":"info","message":"GET URL REQ => http://localhost:6201/api/v1/therapist/approvalData","timestamp":"2025-01-01T03:45:32.077Z"}
{"level":"info","message":"GET URL REQ => http://localhost:6201/api/v1/therapist/approvalData","timestamp":"2025-01-01T03:45:32.089Z"}
{"level":"info","message":"Router-----store Register Form Data","timestamp":"2025-01-01T03:45:36.775Z"}
{"level":"info","message":"GET URL REQ => http://localhost:6201/api/v1/validateTokenData","timestamp":"2025-01-01T03:45:36.776Z"}
{"level":"info","message":"Router-----store Register Form Data","timestamp":"2025-01-01T03:45:36.779Z"}
{"level":"info","message":"GET URL REQ => http://localhost:6201/api/v1/validateTokenData","timestamp":"2025-01-01T03:45:36.779Z"}
{"level":"info","message":"GET URL REQ => http://localhost:6201/api/v1/staff/userManagementPage","timestamp":"2025-01-01T03:45:37.029Z"}
{"level":"info","message":"GET URL REQ => http://localhost:6201/api/v1/staff/userManagementPage","timestamp":"2025-01-01T03:45:37.040Z"}
{"level":"info","message":"GET URL REQ => http://localhost:6201/api/v1/director/userData","timestamp":"2025-01-01T03:45:38.338Z"}
{"level":"info","message":"GET URL REQ => http://localhost:6201/api/v1/profile/passRegisterData","timestamp":"2025-01-01T03:45:38.343Z"}
{"level":"info","message":"GET URL REQ => http://localhost:6201/api/v1/director/userData","timestamp":"2025-01-01T03:45:39.834Z"}
{"level":"info","message":"GET URL REQ => http://localhost:6201/api/v1/profile/passRegisterData","timestamp":"2025-01-01T03:45:39.839Z"}
{"level":"info","message":"GET URL REQ => http://localhost:6201/api/v1/director/userData","timestamp":"2025-01-01T03:45:42.717Z"}
{"level":"info","message":"GET URL REQ => http://localhost:6201/api/v1/profile/passRegisterData","timestamp":"2025-01-01T03:45:42.722Z"}
{"level":"info","message":"GET URL REQ => http://localhost:6201/api/v1/director/userData","timestamp":"2025-01-01T03:45:44.324Z"}
{"level":"info","message":"GET URL REQ => http://localhost:6201/api/v1/profile/passRegisterData","timestamp":"2025-01-01T03:45:44.330Z"}
{"level":"info","message":"GET URL REQ line 1133=> http://localhost:6201/api/v1/user/profileData","timestamp":"2025-01-01T03:45:44.745Z"}
{"level":"info","message":"GET URL REQ line 1133=> http://localhost:6201/api/v1/user/profileData","timestamp":"2025-01-01T03:45:44.750Z"}
{"level":"info","message":"GET URL REQ => http://localhost:6201/api/v1/staff/userManagementPage","timestamp":"2025-01-01T03:46:07.622Z"}
{"level":"info","message":"GET URL REQ => http://localhost:6201/api/v1/staff/userManagementPage","timestamp":"2025-01-01T03:46:08.576Z"}
{"level":"info","message":"GET URL REQ line 1133=> http://localhost:6201/api/v1/user/profileData","timestamp":"2025-01-01T03:46:10.089Z"}
{"level":"info","message":"GET URL REQ line 1133=> http://localhost:6201/api/v1/user/profileData","timestamp":"2025-01-01T03:46:10.099Z"}
{"level":"info","message":"GET URL REQ line 1133=> http://localhost:6201/api/v1/user/profileData","timestamp":"2025-01-01T03:46:12.438Z"}
{"level":"info","message":"GET URL REQ line 1133=> http://localhost:6201/api/v1/user/profileData","timestamp":"2025-01-01T03:46:12.449Z"}
{"level":"info","message":"Router-----store Register Form Data","timestamp":"2025-01-01T03:46:21.425Z"}
{"level":"info","message":"GET URL REQ => http://localhost:6201/api/v1/validateTokenData","timestamp":"2025-01-01T03:46:21.426Z"}
{"level":"info","message":"Router-----store Register Form Data","timestamp":"2025-01-01T03:46:21.429Z"}
{"level":"info","message":"GET URL REQ => http://localhost:6201/api/v1/validateTokenData","timestamp":"2025-01-01T03:46:21.430Z"}
{"level":"info","message":"GET URL REQ => http://localhost:6201/api/v1/therapist/approvalData","timestamp":"2025-01-01T03:46:21.556Z"}
{"level":"info","message":"GET URL REQ => http://localhost:6201/api/v1/therapist/approvalData","timestamp":"2025-01-01T03:46:21.566Z"}
{"level":"info","message":"Router-----store Register Form Data","timestamp":"2025-01-01T03:46:23.768Z"}
{"level":"info","message":"GET URL REQ => http://localhost:6201/api/v1/validateTokenData","timestamp":"2025-01-01T03:46:23.769Z"}
{"level":"info","message":"Router-----store Register Form Data","timestamp":"2025-01-01T03:46:23.772Z"}
{"level":"info","message":"GET URL REQ => http://localhost:6201/api/v1/validateTokenData","timestamp":"2025-01-01T03:46:23.773Z"}
{"level":"info","message":"GET URL REQ => http://localhost:6201/api/v1/staff/studentApproval","timestamp":"2025-01-01T03:46:23.898Z"}
{"level":"info","message":"GET URL REQ => http://localhost:6201/api/v1/staff/studentApproval","timestamp":"2025-01-01T03:46:24.091Z"}
{"level":"info","message":"Router-----store Register Form Data","timestamp":"2025-01-01T03:46:24.548Z"}
{"level":"info","message":"GET URL REQ => http://localhost:6201/api/v1/validateTokenData","timestamp":"2025-01-01T03:46:24.548Z"}
{"level":"info","message":"Router-----store Register Form Data","timestamp":"2025-01-01T03:46:24.553Z"}
{"level":"info","message":"GET URL REQ => http://localhost:6201/api/v1/validateTokenData","timestamp":"2025-01-01T03:46:24.554Z"}
{"level":"info","message":"GET URL REQ => http://localhost:6201/api/v1/therapist/approvalData","timestamp":"2025-01-01T03:46:24.741Z"}
{"level":"info","message":"GET URL REQ => http://localhost:6201/api/v1/therapist/approvalData","timestamp":"2025-01-01T03:46:24.753Z"}
{"level":"info","message":"Router-----store Register Form Data","timestamp":"2025-01-01T03:46:30.396Z"}
{"level":"info","message":"GET URL REQ => http://localhost:6201/api/v1/validateTokenData","timestamp":"2025-01-01T03:46:30.396Z"}
{"level":"info","message":"Router-----store Register Form Data","timestamp":"2025-01-01T03:46:30.400Z"}
{"level":"info","message":"GET URL REQ => http://localhost:6201/api/v1/validateTokenData","timestamp":"2025-01-01T03:46:30.400Z"}
{"level":"info","message":"GET URL REQ => http://localhost:6201/api/v1/staff/studentApproval","timestamp":"2025-01-01T03:46:30.550Z"}
{"level":"info","message":"GET URL REQ => http://localhost:6201/api/v1/staff/studentApproval","timestamp":"2025-01-01T03:46:30.554Z"}
{"level":"info","message":"Router-----store Register Form Data","timestamp":"2025-01-01T03:46:32.747Z"}
{"level":"info","message":"GET URL REQ => http://localhost:6201/api/v1/validateTokenData","timestamp":"2025-01-01T03:46:32.747Z"}
{"level":"info","message":"Router-----store Register Form Data","timestamp":"2025-01-01T03:46:32.750Z"}
{"level":"info","message":"GET URL REQ => http://localhost:6201/api/v1/validateTokenData","timestamp":"2025-01-01T03:46:32.750Z"}
{"level":"info","message":"GET URL REQ => http://localhost:6201/api/v1/futureClients/data","timestamp":"2025-01-01T03:46:32.898Z"}
{"level":"info","message":"GET URL REQ => http://localhost:6201/api/v1/futureClients/data","timestamp":"2025-01-01T03:46:32.903Z"}
{"level":"info","message":"Router-----store Register Form Data","timestamp":"2025-01-01T03:46:34.936Z"}
{"level":"info","message":"GET URL REQ => http://localhost:6201/api/v1/validateTokenData","timestamp":"2025-01-01T03:46:34.937Z"}
{"level":"info","message":"Router-----store Register Form Data","timestamp":"2025-01-01T03:46:34.940Z"}
{"level":"info","message":"GET URL REQ => http://localhost:6201/api/v1/validateTokenData","timestamp":"2025-01-01T03:46:34.942Z"}
{"level":"info","message":"GET URL REQ => http://localhost:6201/api/v1/staff/userManagementPage","timestamp":"2025-01-01T03:46:35.097Z"}
{"level":"info","message":"GET URL REQ => http://localhost:6201/api/v1/staff/userManagementPage","timestamp":"2025-01-01T03:46:35.107Z"}
{"level":"info","message":"Router-----store Register Form Data","timestamp":"2025-01-01T03:46:37.114Z"}
{"level":"info","message":"GET URL REQ => http://localhost:6201/api/v1/validateTokenData","timestamp":"2025-01-01T03:46:37.115Z"}
{"level":"info","message":"Router-----store Register Form Data","timestamp":"2025-01-01T03:46:37.118Z"}
{"level":"info","message":"GET URL REQ => http://localhost:6201/api/v1/validateTokenData","timestamp":"2025-01-01T03:46:37.119Z"}
{"level":"info","message":"GET URL REQ => http://localhost:6201/api/v1/therapist/approvalData","timestamp":"2025-01-01T03:46:37.258Z"}
{"level":"info","message":"GET URL REQ => http://localhost:6201/api/v1/therapist/approvalData","timestamp":"2025-01-01T03:46:37.269Z"}
{"level":"info","message":"GET URL REQ => http://localhost:6201/api/v1/director/userData","timestamp":"2025-01-01T03:46:38.265Z"}
{"level":"info","message":"GET URL REQ line 1133=> http://localhost:6201/api/v1/user/profileData","timestamp":"2025-01-01T03:46:38.335Z"}
{"level":"info","message":"GET URL REQ line 1133=> http://localhost:6201/api/v1/user/profileData","timestamp":"2025-01-01T03:46:38.340Z"}
{"level":"info","message":"GET URL REQ => http://localhost:6201/api/v1/director/userData","timestamp":"2025-01-01T03:46:59.717Z"}
{"level":"info","message":"GET URL REQ line 1133=> http://localhost:6201/api/v1/user/profileData","timestamp":"2025-01-01T03:46:59.793Z"}
{"level":"info","message":"GET URL REQ line 1133=> http://localhost:6201/api/v1/user/profileData","timestamp":"2025-01-01T03:46:59.799Z"}
{"level":"info","message":"GET URL REQ => http://localhost:6201/api/v1/director/userData","timestamp":"2025-01-01T04:01:04.959Z"}
{"level":"info","message":"GET URL REQ line 1133=> http://localhost:6201/api/v1/user/profileData","timestamp":"2025-01-01T04:01:05.068Z"}
{"level":"info","message":"GET URL REQ line 1133=> http://localhost:6201/api/v1/user/profileData","timestamp":"2025-01-01T04:01:05.074Z"}
{"level":"info","message":"GET URL REQ line 1133=> http://localhost:6201/api/v1/user/profileData","timestamp":"2025-01-01T04:02:30.397Z"}
{"level":"info","message":"GET URL REQ => http://localhost:6201/api/v1/director/userData","timestamp":"2025-01-01T04:02:37.874Z"}
{"level":"info","message":"GET URL REQ line 1133=> http://localhost:6201/api/v1/user/profileData","timestamp":"2025-01-01T04:02:37.955Z"}
{"level":"info","message":"GET URL REQ line 1133=> http://localhost:6201/api/v1/user/profileData","timestamp":"2025-01-01T04:02:37.960Z"}
{"level":"info","message":"server running --- from server.ts","timestamp":"2025-01-01T04:03:16.831Z"}
{"level":"info","message":"server running --- from server.ts","timestamp":"2025-01-01T04:10:51.564Z"}
{"level":"info","message":"server running --- from server.ts","timestamp":"2025-01-01T04:10:56.318Z"}
{"level":"info","message":"GET URL REQ => http://localhost:6201/api/v1/director/userData","timestamp":"2025-01-01T04:11:19.382Z"}
{"level":"info","message":"GET URL REQ line 1133=> http://localhost:6201/api/v1/user/profileData","timestamp":"2025-01-01T04:11:19.450Z"}
{"level":"info","message":"GET URL REQ line 1133=> http://localhost:6201/api/v1/user/profileData","timestamp":"2025-01-01T04:11:19.457Z"}
{"level":"info","message":"GET URL REQ => http://localhost:6201/api/v1/director/userData","timestamp":"2025-01-01T04:11:31.462Z"}
{"level":"info","message":"GET URL REQ line 1133=> http://localhost:6201/api/v1/user/profileData","timestamp":"2025-01-01T04:11:31.535Z"}
{"level":"info","message":"GET URL REQ line 1133=> http://localhost:6201/api/v1/user/profileData","timestamp":"2025-01-01T04:11:31.541Z"}
{"level":"info","message":"GET URL REQ => http://localhost:6201/api/v1/director/userData","timestamp":"2025-01-01T04:11:57.040Z"}
{"level":"info","message":"GET URL REQ line 1133=> http://localhost:6201/api/v1/user/profileData","timestamp":"2025-01-01T04:11:57.113Z"}
{"level":"info","message":"GET URL REQ line 1133=> http://localhost:6201/api/v1/user/profileData","timestamp":"2025-01-01T04:11:57.120Z"}
{"level":"info","message":"GET URL REQ line 1133=> http://localhost:6201/api/v1/user/profileData","timestamp":"2025-01-01T04:14:18.514Z"}
{"level":"info","message":"GET URL REQ line 1133=> http://localhost:6201/api/v1/user/profileData","timestamp":"2025-01-01T04:14:42.388Z"}
{"level":"info","message":"GET URL REQ line 1133=> http://localhost:6201/api/v1/user/profileData","timestamp":"2025-01-01T04:15:46.036Z"}
{"level":"info","message":"GET URL REQ line 1133=> http://localhost:6201/api/v1/user/profileData","timestamp":"2025-01-01T04:15:47.945Z"}
{"level":"info","message":"GET URL REQ line 1133=> http://localhost:6201/api/v1/user/profileData","timestamp":"2025-01-01T04:15:49.058Z"}
{"level":"info","message":"GET URL REQ line 1133=> http://localhost:6201/api/v1/user/profileData","timestamp":"2025-01-01T04:15:50.125Z"}
{"level":"info","message":"server running --- from server.ts","timestamp":"2025-01-01T04:17:02.015Z"}
{"level":"info","message":"server running --- from server.ts","timestamp":"2025-01-01T04:17:09.608Z"}
{"level":"info","message":"server running --- from server.ts","timestamp":"2025-01-01T04:17:24.439Z"}
{"level":"info","message":"server running --- from server.ts","timestamp":"2025-01-01T04:17:35.963Z"}
{"level":"info","message":"server running --- from server.ts","timestamp":"2025-01-01T04:17:44.723Z"}
{"level":"info","message":"GET URL REQ => http://localhost:6201/api/v1/director/userData","timestamp":"2025-01-01T04:17:46.082Z"}
{"level":"info","message":"GET URL REQ line 1133=> http://localhost:6201/api/v1/user/profileData","timestamp":"2025-01-01T04:17:46.137Z"}
{"level":"info","message":"GET URL REQ line 1133=> http://localhost:6201/api/v1/user/profileData","timestamp":"2025-01-01T04:17:46.143Z"}
{"level":"info","message":"GET URL REQ line 1133=> http://localhost:6201/api/v1/user/profileData","timestamp":"2025-01-01T04:22:33.537Z"}
{"level":"info","message":"GET URL REQ => http://localhost:6201/api/v1/profile/passRegisterData","timestamp":"2025-01-01T04:29:09.655Z"}
{"level":"info","message":"GET URL REQ line 1133=> http://localhost:6201/api/v1/user/profileData","timestamp":"2025-01-01T04:29:09.662Z"}
{"level":"info","message":"GET URL REQ => http://localhost:6201/api/v1/director/userData","timestamp":"2025-01-01T04:29:11.591Z"}
{"level":"info","message":"GET URL REQ => http://localhost:6201/api/v1/profile/passRegisterData","timestamp":"2025-01-01T04:29:11.681Z"}
{"level":"info","message":"GET URL REQ line 1133=> http://localhost:6201/api/v1/user/profileData","timestamp":"2025-01-01T04:29:11.687Z"}
{"level":"info","message":"GET URL REQ => http://localhost:6201/api/v1/profile/passRegisterData","timestamp":"2025-01-01T04:29:11.693Z"}
{"level":"info","message":"GET URL REQ line 1133=> http://localhost:6201/api/v1/user/profileData","timestamp":"2025-01-01T04:29:11.701Z"}
{"level":"info","message":"GET URL REQ => http://localhost:6201/api/v1/profile/passRegisterData","timestamp":"2025-01-01T04:31:17.371Z"}
{"level":"info","message":"GET URL REQ line 1133=> http://localhost:6201/api/v1/user/profileData","timestamp":"2025-01-01T04:31:17.378Z"}
{"level":"info","message":"GET URL REQ => http://localhost:6201/api/v1/profile/MemberList","timestamp":"2025-01-01T04:31:21.998Z"}
{"level":"info","message":"GET URL REQ => http://localhost:6201/api/v1/profile/MemberList","timestamp":"2025-01-01T04:31:28.834Z"}
{"level":"info","message":"GET URL REQ => http://localhost:6201/api/v1/profile/MemberList","timestamp":"2025-01-01T04:31:31.939Z"}
{"level":"info","message":"GET URL REQ => http://localhost:6201/api/v1/profile/passRegisterData","timestamp":"2025-01-01T04:33:04.422Z"}
{"level":"info","message":"GET URL REQ line 1133=> http://localhost:6201/api/v1/user/profileData","timestamp":"2025-01-01T04:33:04.435Z"}
{"level":"info","message":"GET URL REQ => http://localhost:6201/api/v1/profile/passRegisterData","timestamp":"2025-01-01T04:33:08.827Z"}
{"level":"info","message":"GET URL REQ line 1133=> http://localhost:6201/api/v1/user/profileData","timestamp":"2025-01-01T04:33:08.833Z"}
{"level":"info","message":"GET URL REQ => http://localhost:6201/api/v1/profile/passRegisterData","timestamp":"2025-01-01T04:33:15.498Z"}
{"level":"info","message":"GET URL REQ line 1133=> http://localhost:6201/api/v1/user/profileData","timestamp":"2025-01-01T04:33:15.507Z"}
{"level":"info","message":"GET URL REQ => http://localhost:6201/api/v1/profile/passRegisterData","timestamp":"2025-01-01T04:33:21.356Z"}
{"level":"info","message":"GET URL REQ line 1133=> http://localhost:6201/api/v1/user/profileData","timestamp":"2025-01-01T04:33:21.363Z"}
{"level":"info","message":"Router-----store Register Form Data","timestamp":"2025-01-01T04:33:25.558Z"}
{"level":"info","message":"GET URL REQ => http://localhost:6201/api/v1/validateTokenData","timestamp":"2025-01-01T04:33:25.560Z"}
{"level":"info","message":"Router-----store Register Form Data","timestamp":"2025-01-01T04:33:25.565Z"}
{"level":"info","message":"GET URL REQ => http://localhost:6201/api/v1/validateTokenData","timestamp":"2025-01-01T04:33:25.566Z"}
{"level":"info","message":"GET URL REQ => http://localhost:6201/api/v1/therapist/approvalData","timestamp":"2025-01-01T04:33:25.716Z"}
{"level":"info","message":"GET URL REQ => http://localhost:6201/api/v1/therapist/approvalData","timestamp":"2025-01-01T04:33:25.730Z"}
{"level":"info","message":"GET URL REQ => http://localhost:6201/api/v1/director/userData","timestamp":"2025-01-01T04:33:26.726Z"}
{"level":"info","message":"GET URL REQ => http://localhost:6201/api/v1/profile/passRegisterData","timestamp":"2025-01-01T04:33:26.814Z"}
{"level":"info","message":"GET URL REQ line 1133=> http://localhost:6201/api/v1/user/profileData","timestamp":"2025-01-01T04:33:26.821Z"}
{"level":"info","message":"GET URL REQ => http://localhost:6201/api/v1/profile/passRegisterData","timestamp":"2025-01-01T04:33:26.828Z"}
{"level":"info","message":"GET URL REQ line 1133=> http://localhost:6201/api/v1/user/profileData","timestamp":"2025-01-01T04:33:26.833Z"}
{"level":"info","message":"GET URL REQ => http://localhost:6201/api/v1/profile/MemberList","timestamp":"2025-01-01T04:33:31.406Z"}
{"level":"info","message":"GET URL REQ => http://localhost:6201/api/v1/profile/sectionTime","timestamp":"2025-01-01T04:33:40.787Z"}
{"level":"info","message":"GET URL REQ => http://localhost:6201/api/v1/profile/PackageTime","timestamp":"2025-01-01T04:33:43.123Z"}
{"level":"info","message":"\n\n\nGET URL REQ line 514=> http://localhost:6201/api/v1/profile/SessionUpdate\n\n\n","timestamp":"2025-01-01T04:33:49.991Z"}
{"level":"info","message":"GET URL REQ => http://localhost:6201/api/v1/director/userData","timestamp":"2025-01-01T04:33:54.408Z"}
{"level":"info","message":"GET URL REQ => http://localhost:6201/api/v1/profile/passRegisterData","timestamp":"2025-01-01T04:33:54.494Z"}
{"level":"info","message":"GET URL REQ line 1133=> http://localhost:6201/api/v1/user/profileData","timestamp":"2025-01-01T04:33:54.500Z"}
{"level":"info","message":"GET URL REQ => http://localhost:6201/api/v1/profile/passRegisterData","timestamp":"2025-01-01T04:33:54.503Z"}
{"level":"info","message":"GET URL REQ line 1133=> http://localhost:6201/api/v1/user/profileData","timestamp":"2025-01-01T04:33:54.507Z"}
{"level":"info","message":"GET URL REQ => http://localhost:6201/api/v1/director/userData","timestamp":"2025-01-01T04:34:00.806Z"}
{"level":"info","message":"GET URL REQ => http://localhost:6201/api/v1/profile/passRegisterData","timestamp":"2025-01-01T04:34:00.878Z"}
{"level":"info","message":"GET URL REQ line 1133=> http://localhost:6201/api/v1/user/profileData","timestamp":"2025-01-01T04:34:00.885Z"}
{"level":"info","message":"GET URL REQ => http://localhost:6201/api/v1/profile/passRegisterData","timestamp":"2025-01-01T04:34:00.891Z"}
{"level":"info","message":"GET URL REQ line 1133=> http://localhost:6201/api/v1/user/profileData","timestamp":"2025-01-01T04:34:00.897Z"}
{"level":"info","message":"Router-----store Register Form Data","timestamp":"2025-01-01T04:34:28.070Z"}
{"level":"info","message":"GET URL REQ => http://localhost:6201/api/v1/validateTokenData","timestamp":"2025-01-01T04:34:28.072Z"}
{"level":"info","message":"Router-----store Register Form Data","timestamp":"2025-01-01T04:34:28.077Z"}
{"level":"info","message":"GET URL REQ => http://localhost:6201/api/v1/validateTokenData","timestamp":"2025-01-01T04:34:28.077Z"}
{"level":"info","message":"GET URL REQ => http://localhost:6201/api/v1/staff/userManagementPage","timestamp":"2025-01-01T04:34:28.652Z"}
{"level":"info","message":"GET URL REQ => http://localhost:6201/api/v1/staff/userManagementPage","timestamp":"2025-01-01T04:34:28.662Z"}
{"level":"info","message":"GET URL REQ => http://localhost:6201/api/v1/director/userData","timestamp":"2025-01-01T04:34:34.329Z"}
{"level":"info","message":"GET URL REQ => http://localhost:6201/api/v1/profile/passRegisterData","timestamp":"2025-01-01T04:34:34.336Z"}
{"level":"info","message":"GET URL REQ line 1133=> http://localhost:6201/api/v1/user/profileData","timestamp":"2025-01-01T04:34:34.687Z"}
{"level":"info","message":"GET URL REQ line 1133=> http://localhost:6201/api/v1/user/profileData","timestamp":"2025-01-01T04:34:34.693Z"}
{"level":"info","message":"Router-----store Register Form Data","timestamp":"2025-01-01T04:34:58.996Z"}
{"level":"info","message":"GET URL REQ => http://localhost:6201/api/v1/validateTokenData","timestamp":"2025-01-01T04:34:58.996Z"}
{"level":"info","message":"Router-----store Register Form Data","timestamp":"2025-01-01T04:34:59.002Z"}
{"level":"info","message":"GET URL REQ => http://localhost:6201/api/v1/validateTokenData","timestamp":"2025-01-01T04:34:59.002Z"}
{"level":"info","message":"GET URL REQ => http://localhost:6201/api/v1/staff/userManagementPage","timestamp":"2025-01-01T04:34:59.533Z"}
{"level":"info","message":"GET URL REQ => http://localhost:6201/api/v1/staff/userManagementPage","timestamp":"2025-01-01T04:34:59.544Z"}
{"level":"info","message":"GET URL REQ => http://localhost:6201/api/v1/director/userData","timestamp":"2025-01-01T04:35:04.992Z"}
{"level":"info","message":"GET URL REQ => http://localhost:6201/api/v1/profile/passRegisterData","timestamp":"2025-01-01T04:35:04.997Z"}
{"level":"info","message":"GET URL REQ line 1133=> http://localhost:6201/api/v1/user/profileData","timestamp":"2025-01-01T04:35:05.365Z"}
{"level":"info","message":"GET URL REQ line 1133=> http://localhost:6201/api/v1/user/profileData","timestamp":"2025-01-01T04:35:05.371Z"}
{"level":"info","message":"server running --- from server.ts","timestamp":"2025-01-01T04:38:29.717Z"}
{"level":"info","message":"server running --- from server.ts","timestamp":"2025-01-01T04:38:48.661Z"}
{"level":"info","message":"Router-----store Register Form Data","timestamp":"2025-01-01T04:38:49.426Z"}
{"level":"info","message":"GET URL REQ => http://localhost:6201/api/v1/validateTokenData","timestamp":"2025-01-01T04:38:49.427Z"}
{"level":"info","message":"Router-----store Register Form Data","timestamp":"2025-01-01T04:38:49.438Z"}
{"level":"info","message":"GET URL REQ => http://localhost:6201/api/v1/validateTokenData","timestamp":"2025-01-01T04:38:49.439Z"}
{"level":"info","message":"GET URL REQ => http://localhost:6201/api/v1/staff/studentApproval","timestamp":"2025-01-01T04:38:50.039Z"}
{"level":"info","message":"GET URL REQ => http://localhost:6201/api/v1/staff/studentApproval","timestamp":"2025-01-01T04:38:50.043Z"}
{"level":"info","message":"Router-----store Register Form Data","timestamp":"2025-01-01T04:38:52.017Z"}
{"level":"info","message":"GET URL REQ => http://localhost:6201/api/v1/validateTokenData","timestamp":"2025-01-01T04:38:52.019Z"}
{"level":"info","message":"Router-----store Register Form Data","timestamp":"2025-01-01T04:38:52.022Z"}
{"level":"info","message":"GET URL REQ => http://localhost:6201/api/v1/validateTokenData","timestamp":"2025-01-01T04:38:52.023Z"}
{"level":"info","message":"GET URL REQ => http://localhost:6201/api/v1/therapist/approvalData","timestamp":"2025-01-01T04:38:52.211Z"}
{"level":"info","message":"GET URL REQ => http://localhost:6201/api/v1/therapist/approvalData","timestamp":"2025-01-01T04:38:52.223Z"}
{"level":"info","message":"GET URL REQ => http://localhost:6201/api/v1/director/userData","timestamp":"2025-01-01T04:38:53.770Z"}
{"level":"info","message":"GET URL REQ => http://localhost:6201/api/v1/profile/passRegisterData","timestamp":"2025-01-01T04:38:53.860Z"}
{"level":"info","message":"GET URL REQ line 1133=> http://localhost:6201/api/v1/user/profileData","timestamp":"2025-01-01T04:38:53.869Z"}
{"level":"info","message":"GET URL REQ => http://localhost:6201/api/v1/profile/passRegisterData","timestamp":"2025-01-01T04:38:53.874Z"}
{"level":"info","message":"GET URL REQ line 1133=> http://localhost:6201/api/v1/user/profileData","timestamp":"2025-01-01T04:38:53.882Z"}
{"level":"info","message":"GET URL REQ => http://localhost:6201/api/v1/profile/MemberList","timestamp":"2025-01-01T04:38:58.586Z"}
{"level":"info","message":"GET URL REQ => http://localhost:6201/api/v1/profile/sectionTime","timestamp":"2025-01-01T04:39:01.246Z"}
{"level":"info","message":"GET URL REQ => http://localhost:6201/api/v1/profile/PackageTime","timestamp":"2025-01-01T04:39:03.203Z"}
{"level":"info","message":"\n\n\nGET URL REQ line 514=> http://localhost:6201/api/v1/profile/SessionUpdate\n\n\n","timestamp":"2025-01-01T04:39:06.335Z"}
{"level":"info","message":"Router-----store Register Form Data","timestamp":"2025-01-01T04:39:36.965Z"}
{"level":"info","message":"GET URL REQ => http://localhost:6201/api/v1/validateTokenData","timestamp":"2025-01-01T04:39:36.968Z"}
{"level":"info","message":"Router-----store Register Form Data","timestamp":"2025-01-01T04:39:36.973Z"}
{"level":"info","message":"GET URL REQ => http://localhost:6201/api/v1/validateTokenData","timestamp":"2025-01-01T04:39:36.974Z"}
{"level":"info","message":"GET URL REQ => http://localhost:6201/api/v1/staff/userManagementPage","timestamp":"2025-01-01T04:39:37.457Z"}
{"level":"info","message":"GET URL REQ => http://localhost:6201/api/v1/staff/userManagementPage","timestamp":"2025-01-01T04:39:37.468Z"}
{"level":"info","message":"GET URL REQ => http://localhost:6201/api/v1/director/userData","timestamp":"2025-01-01T04:39:42.070Z"}
{"level":"info","message":"GET URL REQ => http://localhost:6201/api/v1/profile/passRegisterData","timestamp":"2025-01-01T04:39:42.074Z"}
{"level":"info","message":"GET URL REQ line 1133=> http://localhost:6201/api/v1/user/profileData","timestamp":"2025-01-01T04:39:42.391Z"}
{"level":"info","message":"GET URL REQ line 1133=> http://localhost:6201/api/v1/user/profileData","timestamp":"2025-01-01T04:39:42.398Z"}
{"level":"info","message":"server running --- from server.ts","timestamp":"2025-01-01T04:40:33.219Z"}
{"level":"info","message":"Router-----store Register Form Data","timestamp":"2025-01-01T04:40:34.969Z"}
{"level":"info","message":"GET URL REQ => http://localhost:6201/api/v1/validateTokenData","timestamp":"2025-01-01T04:40:34.970Z"}
{"level":"info","message":"Router-----store Register Form Data","timestamp":"2025-01-01T04:40:34.980Z"}
{"level":"info","message":"GET URL REQ => http://localhost:6201/api/v1/validateTokenData","timestamp":"2025-01-01T04:40:34.980Z"}
{"level":"info","message":"GET URL REQ => http://localhost:6201/api/v1/therapist/approvalData","timestamp":"2025-01-01T04:40:35.500Z"}
{"level":"info","message":"GET URL REQ => http://localhost:6201/api/v1/therapist/approvalData","timestamp":"2025-01-01T04:40:35.511Z"}
{"level":"info","message":"GET URL REQ => http://localhost:6201/api/v1/director/userData","timestamp":"2025-01-01T04:40:36.859Z"}
{"level":"info","message":"GET URL REQ => http://localhost:6201/api/v1/profile/passRegisterData","timestamp":"2025-01-01T04:40:36.942Z"}
{"level":"info","message":"GET URL REQ line 1133=> http://localhost:6201/api/v1/user/profileData","timestamp":"2025-01-01T04:40:36.952Z"}
{"level":"info","message":"GET URL REQ => http://localhost:6201/api/v1/profile/passRegisterData","timestamp":"2025-01-01T04:40:36.958Z"}
{"level":"info","message":"GET URL REQ line 1133=> http://localhost:6201/api/v1/user/profileData","timestamp":"2025-01-01T04:40:36.967Z"}
{"level":"info","message":"GET URL REQ => http://localhost:6201/api/v1/profile/MemberList","timestamp":"2025-01-01T04:40:40.995Z"}
{"level":"info","message":"GET URL REQ => http://localhost:6201/api/v1/profile/sectionTime","timestamp":"2025-01-01T04:40:44.658Z"}
{"level":"info","message":"GET URL REQ => http://localhost:6201/api/v1/profile/PackageTime","timestamp":"2025-01-01T04:40:47.191Z"}
{"level":"info","message":"\n\n\nGET URL REQ line 514=> http://localhost:6201/api/v1/profile/SessionUpdate\n\n\n","timestamp":"2025-01-01T04:40:51.103Z"}
{"level":"info","message":"Router-----store Register Form Data","timestamp":"2025-01-01T04:41:27.975Z"}
{"level":"info","message":"GET URL REQ => http://localhost:6201/api/v1/validateTokenData","timestamp":"2025-01-01T04:41:27.977Z"}
{"level":"info","message":"Router-----store Register Form Data","timestamp":"2025-01-01T04:41:27.981Z"}
{"level":"info","message":"GET URL REQ => http://localhost:6201/api/v1/validateTokenData","timestamp":"2025-01-01T04:41:27.982Z"}
{"level":"info","message":"GET URL REQ => http://localhost:6201/api/v1/therapist/approvalData","timestamp":"2025-01-01T04:41:28.539Z"}
{"level":"info","message":"GET URL REQ => http://localhost:6201/api/v1/therapist/approvalData","timestamp":"2025-01-01T04:41:28.551Z"}
{"level":"info","message":"GET URL REQ => http://localhost:6201/api/v1/director/userData","timestamp":"2025-01-01T04:41:32.674Z"}
{"level":"info","message":"GET URL REQ => http://localhost:6201/api/v1/profile/passRegisterData","timestamp":"2025-01-01T04:41:32.785Z"}
{"level":"info","message":"GET URL REQ line 1133=> http://localhost:6201/api/v1/user/profileData","timestamp":"2025-01-01T04:41:32.792Z"}
{"level":"info","message":"GET URL REQ => http://localhost:6201/api/v1/profile/passRegisterData","timestamp":"2025-01-01T04:41:32.796Z"}
{"level":"info","message":"GET URL REQ line 1133=> http://localhost:6201/api/v1/user/profileData","timestamp":"2025-01-01T04:41:32.800Z"}
{"level":"info","message":"Router-----store Register Form Data","timestamp":"2025-01-01T04:41:40.276Z"}
{"level":"info","message":"GET URL REQ => http://localhost:6201/api/v1/validateTokenData","timestamp":"2025-01-01T04:41:40.277Z"}
{"level":"info","message":"Router-----store Register Form Data","timestamp":"2025-01-01T04:41:40.281Z"}
{"level":"info","message":"GET URL REQ => http://localhost:6201/api/v1/validateTokenData","timestamp":"2025-01-01T04:41:40.282Z"}
{"level":"info","message":"GET URL REQ => http://localhost:6201/api/v1/staff/userManagementPage","timestamp":"2025-01-01T04:41:40.419Z"}
{"level":"info","message":"GET URL REQ => http://localhost:6201/api/v1/staff/userManagementPage","timestamp":"2025-01-01T04:41:40.429Z"}
{"level":"info","message":"GET URL REQ => http://localhost:6201/api/v1/director/userData","timestamp":"2025-01-01T04:41:47.020Z"}
{"level":"info","message":"GET URL REQ => http://localhost:6201/api/v1/profile/passRegisterData","timestamp":"2025-01-01T04:41:47.027Z"}
{"level":"info","message":"GET URL REQ line 1133=> http://localhost:6201/api/v1/user/profileData","timestamp":"2025-01-01T04:41:47.332Z"}
{"level":"info","message":"GET URL REQ line 1133=> http://localhost:6201/api/v1/user/profileData","timestamp":"2025-01-01T04:41:47.337Z"}
{"level":"info","message":"Router-----store Register Form Data","timestamp":"2025-01-01T04:41:57.571Z"}
{"level":"info","message":"GET URL REQ => http://localhost:6201/api/v1/validateTokenData","timestamp":"2025-01-01T04:41:57.573Z"}
{"level":"info","message":"Router-----store Register Form Data","timestamp":"2025-01-01T04:41:57.577Z"}
{"level":"info","message":"GET URL REQ => http://localhost:6201/api/v1/validateTokenData","timestamp":"2025-01-01T04:41:57.577Z"}
{"level":"info","message":"GET URL REQ => http://localhost:6201/api/v1/staff/userManagementPage","timestamp":"2025-01-01T04:41:57.759Z"}
{"level":"info","message":"GET URL REQ => http://localhost:6201/api/v1/staff/userManagementPage","timestamp":"2025-01-01T04:41:57.773Z"}
{"level":"info","message":"GET URL REQ => http://localhost:6201/api/v1/director/userData","timestamp":"2025-01-01T04:42:40.571Z"}
{"level":"info","message":"GET URL REQ => http://localhost:6201/api/v1/profile/passRegisterData","timestamp":"2025-01-01T04:42:40.579Z"}
{"level":"info","message":"GET URL REQ line 1133=> http://localhost:6201/api/v1/user/profileData","timestamp":"2025-01-01T04:42:41.319Z"}
{"level":"info","message":"GET URL REQ line 1133=> http://localhost:6201/api/v1/user/profileData","timestamp":"2025-01-01T04:42:41.325Z"}
{"level":"info","message":"GET URL REQ => http://localhost:6201/api/v1/profile/MemberList","timestamp":"2025-01-01T04:42:46.012Z"}
{"level":"info","message":"GET URL REQ => http://localhost:6201/api/v1/profile/sectionTime","timestamp":"2025-01-01T04:42:48.312Z"}
{"level":"info","message":"GET URL REQ => http://localhost:6201/api/v1/profile/PackageTime","timestamp":"2025-01-01T04:42:49.913Z"}
{"level":"info","message":"\n\n\nGET URL REQ line 514=> http://localhost:6201/api/v1/profile/SessionUpdate\n\n\n","timestamp":"2025-01-01T04:42:53.718Z"}
{"level":"info","message":"GET URL REQ => http://localhost:6201/api/v1/staff/userManagementPage","timestamp":"2025-01-01T04:42:53.959Z"}
{"level":"info","message":"Router-----store Register Form Data","timestamp":"2025-01-01T04:42:59.264Z"}
{"level":"info","message":"GET URL REQ => http://localhost:6201/api/v1/validateTokenData","timestamp":"2025-01-01T04:42:59.265Z"}
{"level":"info","message":"Router-----store Register Form Data","timestamp":"2025-01-01T04:42:59.273Z"}
{"level":"info","message":"GET URL REQ => http://localhost:6201/api/v1/validateTokenData","timestamp":"2025-01-01T04:42:59.274Z"}
{"level":"info","message":"GET URL REQ => http://localhost:6201/api/v1/staff/userManagementPage","timestamp":"2025-01-01T04:42:59.447Z"}
{"level":"info","message":"GET URL REQ => http://localhost:6201/api/v1/staff/userManagementPage","timestamp":"2025-01-01T04:42:59.462Z"}
{"level":"info","message":"GET URL REQ => http://localhost:6201/api/v1/director/userData","timestamp":"2025-01-01T04:43:02.849Z"}
{"level":"info","message":"GET URL REQ => http://localhost:6201/api/v1/profile/passRegisterData","timestamp":"2025-01-01T04:43:02.858Z"}
{"level":"info","message":"GET URL REQ line 1133=> http://localhost:6201/api/v1/user/profileData","timestamp":"2025-01-01T04:43:03.246Z"}
{"level":"info","message":"GET URL REQ line 1133=> http://localhost:6201/api/v1/user/profileData","timestamp":"2025-01-01T04:43:03.254Z"}
{"level":"info","message":"GET URL REQ => http://localhost:6201/api/v1/profile/MemberList","timestamp":"2025-01-01T04:43:34.006Z"}
{"level":"info","message":"GET URL REQ => http://localhost:6201/api/v1/profile/sectionTime","timestamp":"2025-01-01T04:43:36.621Z"}
{"level":"info","message":"GET URL REQ => http://localhost:6201/api/v1/profile/PackageTime","timestamp":"2025-01-01T04:43:38.114Z"}
{"level":"info","message":"\n\n\nGET URL REQ line 514=> http://localhost:6201/api/v1/profile/SessionUpdate\n\n\n","timestamp":"2025-01-01T04:43:44.026Z"}
{"level":"info","message":"GET URL REQ => http://localhost:6201/api/v1/staff/userManagementPage","timestamp":"2025-01-01T04:43:44.250Z"}
{"level":"info","message":"GET URL REQ => http://localhost:6201/api/v1/profile/MemberList","timestamp":"2025-01-01T04:44:02.007Z"}
{"level":"info","message":"GET URL REQ => http://localhost:6201/api/v1/profile/MemberList","timestamp":"2025-01-01T04:44:03.204Z"}
{"level":"info","message":"server running --- from server.ts","timestamp":"2025-01-01T04:45:33.449Z"}
{"level":"info","message":"GET URL REQ => http://localhost:6201/api/v1/users/login","timestamp":"2025-01-01T05:27:08.033Z"}
{"level":"info","message":"GET URL REQ => http://localhost:6201/api/v1/staff/dashBoard","timestamp":"2025-01-01T05:27:10.359Z"}
{"level":"info","message":"Router-----store Register Form Data","timestamp":"2025-01-01T05:27:10.370Z"}
{"level":"info","message":"GET URL REQ => http://localhost:6201/api/v1/validateTokenData","timestamp":"2025-01-01T05:27:10.372Z"}
{"level":"info","message":"GET URL REQ => http://localhost:6201/api/v1/staff/dashBoard","timestamp":"2025-01-01T05:27:10.386Z"}
{"level":"info","message":"Router-----store Register Form Data","timestamp":"2025-01-01T05:27:10.398Z"}
{"level":"info","message":"GET URL REQ => http://localhost:6201/api/v1/validateTokenData","timestamp":"2025-01-01T05:27:10.399Z"}
{"level":"info","message":"Router-----store Register Form Data","timestamp":"2025-01-01T05:27:17.697Z"}
{"level":"info","message":"GET URL REQ => http://localhost:6201/api/v1/validateTokenData","timestamp":"2025-01-01T05:27:17.701Z"}
{"level":"info","message":"GET URL REQ => http://localhost:6201/api/v1/attendance/overView","timestamp":"2025-01-01T05:27:17.707Z"}
{"level":"info","message":"Router-----store Register Form Data","timestamp":"2025-01-01T05:27:17.712Z"}
{"level":"info","message":"GET URL REQ => http://localhost:6201/api/v1/validateTokenData","timestamp":"2025-01-01T05:27:17.714Z"}
{"level":"info","message":"GET URL REQ => http://localhost:6201/api/v1/attendance/overView","timestamp":"2025-01-01T05:27:17.720Z"}
{"level":"info","message":"Router-----store Register Form Data","timestamp":"2025-01-01T05:27:18.204Z"}
{"level":"info","message":"GET URL REQ => http://localhost:6201/api/v1/validateTokenData","timestamp":"2025-01-01T05:27:18.207Z"}
{"level":"info","message":"Router-----store Register Form Data","timestamp":"2025-01-01T05:27:18.211Z"}
{"level":"info","message":"GET URL REQ => http://localhost:6201/api/v1/validateTokenData","timestamp":"2025-01-01T05:27:18.212Z"}
{"level":"info","message":"GET URL REQ => http://localhost:6201/api/v1/futureClients/data","timestamp":"2025-01-01T05:27:18.442Z"}
{"level":"info","message":"GET URL REQ => http://localhost:6201/api/v1/futureClients/data","timestamp":"2025-01-01T05:27:18.454Z"}
{"level":"info","message":"Router-----store Register Form Data","timestamp":"2025-01-01T05:27:19.421Z"}
{"level":"info","message":"GET URL REQ => http://localhost:6201/api/v1/validateTokenData","timestamp":"2025-01-01T05:27:19.424Z"}
{"level":"info","message":"Router-----store Register Form Data","timestamp":"2025-01-01T05:27:19.427Z"}
{"level":"info","message":"GET URL REQ => http://localhost:6201/api/v1/validateTokenData","timestamp":"2025-01-01T05:27:19.427Z"}
{"level":"info","message":"GET URL REQ => http://localhost:6201/api/v1/director/userTypeLabel","timestamp":"2025-01-01T05:27:19.433Z"}
{"level":"info","message":"GET URL REQ => http://localhost:6201/api/v1/director/userTypeLabel","timestamp":"2025-01-01T05:27:19.437Z"}
{"level":"info","message":"GET URL REQ => http://localhost:6201/api/v1/director/staff","timestamp":"2025-01-01T05:27:19.563Z"}
{"level":"info","message":"GET URL REQ => http://localhost:6201/api/v1/director/staff","timestamp":"2025-01-01T05:27:19.577Z"}
{"level":"info","message":"Router-----store Register Form Data","timestamp":"2025-01-01T05:27:23.757Z"}
{"level":"info","message":"GET URL REQ => http://localhost:6201/api/v1/validateTokenData","timestamp":"2025-01-01T05:27:23.759Z"}
{"level":"info","message":"GET URL REQ => http://localhost:6201/api/v1/attendance/overView","timestamp":"2025-01-01T05:27:23.766Z"}
{"level":"info","message":"Router-----store Register Form Data","timestamp":"2025-01-01T05:27:23.769Z"}
{"level":"info","message":"GET URL REQ => http://localhost:6201/api/v1/validateTokenData","timestamp":"2025-01-01T05:27:23.770Z"}
{"level":"info","message":"GET URL REQ => http://localhost:6201/api/v1/attendance/overView","timestamp":"2025-01-01T05:27:23.772Z"}
{"level":"info","message":"GET URL REQ => http://localhost:6201/api/v1/attendance/session","timestamp":"2025-01-01T05:27:26.484Z"}
{"level":"info","message":"GET URL REQ => http://localhost:6201/api/v1/attendance/session","timestamp":"2025-01-01T05:27:26.494Z"}
{"level":"info","message":"GET URL REQ => http://localhost:6201/api/v1/attendance/reportOptions","timestamp":"2025-01-01T05:27:35.955Z"}
{"level":"info","message":"GET URL REQ => http://localhost:6201/api/v1/attendance/reportOptions","timestamp":"2025-01-01T05:27:45.971Z"}
{"level":"info","message":"GET URL REQ => http://localhost:6201/api/v1/attendance/report","timestamp":"2025-01-01T05:27:50.123Z"}
{"level":"info","message":"server running --- from server.ts","timestamp":"2025-01-01T06:16:02.828Z"}
{"level":"info","message":"server running --- from server.ts","timestamp":"2025-01-01T06:16:19.095Z"}
{"level":"info","message":"server running --- from server.ts","timestamp":"2025-01-01T06:17:05.316Z"}
{"level":"info","message":"server running --- from server.ts","timestamp":"2025-01-01T06:17:22.177Z"}
{"level":"info","message":"server running --- from server.ts","timestamp":"2025-01-01T06:17:27.442Z"}
{"level":"info","message":"server running --- from server.ts","timestamp":"2025-01-01T06:17:33.284Z"}
{"level":"info","message":"server running --- from server.ts","timestamp":"2025-01-01T06:17:46.611Z"}
{"level":"info","message":"server running --- from server.ts","timestamp":"2025-01-01T06:17:58.445Z"}
{"level":"info","message":"GET URL REQ => http://localhost:6201/api/v1/users/login","timestamp":"2025-01-01T06:18:16.176Z"}
{"level":"info","message":"GET URL REQ => http://localhost:6201/api/v1/staff/dashBoard","timestamp":"2025-01-01T06:18:18.076Z"}
{"level":"info","message":"GET URL REQ => http://localhost:6201/api/v1/staff/dashBoard","timestamp":"2025-01-01T06:18:18.086Z"}
{"level":"info","message":"Router-----store Register Form Data","timestamp":"2025-01-01T06:18:18.092Z"}
{"level":"info","message":"GET URL REQ => http://localhost:6201/api/v1/validateTokenData","timestamp":"2025-01-01T06:18:18.092Z"}
{"level":"info","message":"Router-----store Register Form Data","timestamp":"2025-01-01T06:18:18.097Z"}
{"level":"info","message":"GET URL REQ => http://localhost:6201/api/v1/validateTokenData","timestamp":"2025-01-01T06:18:18.099Z"}
{"level":"info","message":"Router-----store Register Form Data","timestamp":"2025-01-01T06:18:20.966Z"}
{"level":"info","message":"GET URL REQ => http://localhost:6201/api/v1/validateTokenData","timestamp":"2025-01-01T06:18:20.969Z"}
{"level":"info","message":"GET URL REQ => http://localhost:6201/api/v1/attendance/overView","timestamp":"2025-01-01T06:18:20.973Z"}
{"level":"info","message":"Router-----store Register Form Data","timestamp":"2025-01-01T06:18:20.981Z"}
{"level":"info","message":"GET URL REQ => http://localhost:6201/api/v1/validateTokenData","timestamp":"2025-01-01T06:18:20.982Z"}
{"level":"info","message":"GET URL REQ => http://localhost:6201/api/v1/attendance/overView","timestamp":"2025-01-01T06:18:20.986Z"}
{"level":"info","message":"GET URL REQ => http://localhost:6201/api/v1/attendance/session","timestamp":"2025-01-01T06:18:22.492Z"}
{"level":"info","message":"GET URL REQ => http://localhost:6201/api/v1/attendance/session","timestamp":"2025-01-01T06:18:22.504Z"}
{"level":"info","message":"GET URL REQ => http://localhost:6201/api/v1/attendance/reportOptions","timestamp":"2025-01-01T06:18:31.389Z"}
{"level":"info","message":"GET URL REQ => http://localhost:6201/api/v1/attendance/reportOptions","timestamp":"2025-01-01T06:18:40.146Z"}
{"level":"info","message":"GET URL REQ => http://localhost:6201/api/v1/attendance/report","timestamp":"2025-01-01T06:18:53.015Z"}
{"level":"info","message":"server running --- from server.ts","timestamp":"2025-01-01T06:23:04.237Z"}
{"level":"info","message":"server running --- from server.ts","timestamp":"2025-01-01T06:23:13.032Z"}
{"level":"info","message":"server running --- from server.ts","timestamp":"2025-01-01T06:23:25.642Z"}
{"level":"info","message":"GET URL REQ => http://localhost:6201/api/v1/attendance/report","timestamp":"2025-01-01T06:23:35.008Z"}
{"level":"info","message":"GET URL REQ => http://localhost:6201/api/v1/attendance/report","timestamp":"2025-01-01T06:23:41.562Z"}
{"level":"info","message":"GET URL REQ => http://localhost:6201/api/v1/attendance/report","timestamp":"2025-01-01T06:23:47.947Z"}
{"level":"info","message":"GET URL REQ => http://localhost:6201/api/v1/attendance/report","timestamp":"2025-01-01T06:23:48.187Z"}
{"level":"info","message":"GET URL REQ => http://localhost:6201/api/v1/attendance/report","timestamp":"2025-01-01T06:23:48.362Z"}
{"level":"info","message":"GET URL REQ => http://localhost:6201/api/v1/attendance/report","timestamp":"2025-01-01T06:23:55.153Z"}
{"level":"info","message":"server running --- from server.ts","timestamp":"2025-01-01T06:26:49.668Z"}
{"level":"info","message":"server running --- from server.ts","timestamp":"2025-01-01T06:35:06.317Z"}
{"level":"info","message":"server running --- from server.ts","timestamp":"2025-01-01T06:35:25.722Z"}
{"level":"info","message":"server running --- from server.ts","timestamp":"2025-01-01T06:37:58.396Z"}
{"level":"info","message":"GET URL REQ => http://localhost:6201/api/v1/attendance/report","timestamp":"2025-01-01T06:38:03.427Z"}
{"level":"info","message":"server running --- from server.ts","timestamp":"2025-01-01T06:41:52.980Z"}
{"level":"info","message":"server running --- from server.ts","timestamp":"2025-01-01T06:42:18.316Z"}
{"level":"info","message":"server running --- from server.ts","timestamp":"2025-01-01T06:48:05.997Z"}
{"level":"info","message":"GET URL REQ => http://localhost:6201/api/v1/users/login","timestamp":"2025-01-01T06:49:04.119Z"}
{"level":"info","message":"GET URL REQ => http://localhost:6201/api/v1/staff/dashBoard","timestamp":"2025-01-01T06:49:06.119Z"}
{"level":"info","message":"Router-----store Register Form Data","timestamp":"2025-01-01T06:49:06.133Z"}
{"level":"info","message":"GET URL REQ => http://localhost:6201/api/v1/validateTokenData","timestamp":"2025-01-01T06:49:06.134Z"}
{"level":"info","message":"GET URL REQ => http://localhost:6201/api/v1/staff/dashBoard","timestamp":"2025-01-01T06:49:06.141Z"}
{"level":"info","message":"Router-----store Register Form Data","timestamp":"2025-01-01T06:49:06.147Z"}
{"level":"info","message":"GET URL REQ => http://localhost:6201/api/v1/validateTokenData","timestamp":"2025-01-01T06:49:06.148Z"}
{"level":"info","message":"Router-----store Register Form Data","timestamp":"2025-01-01T06:49:08.881Z"}
{"level":"info","message":"GET URL REQ => http://localhost:6201/api/v1/validateTokenData","timestamp":"2025-01-01T06:49:08.885Z"}
{"level":"info","message":"GET URL REQ => http://localhost:6201/api/v1/attendance/overView","timestamp":"2025-01-01T06:49:08.890Z"}
{"level":"info","message":"Router-----store Register Form Data","timestamp":"2025-01-01T06:49:08.895Z"}
{"level":"info","message":"GET URL REQ => http://localhost:6201/api/v1/validateTokenData","timestamp":"2025-01-01T06:49:08.896Z"}
{"level":"info","message":"GET URL REQ => http://localhost:6201/api/v1/attendance/overView","timestamp":"2025-01-01T06:49:08.899Z"}
{"level":"info","message":"GET URL REQ => http://localhost:6201/api/v1/attendance/session","timestamp":"2025-01-01T06:49:11.133Z"}
{"level":"info","message":"GET URL REQ => http://localhost:6201/api/v1/attendance/session","timestamp":"2025-01-01T06:49:11.148Z"}
{"level":"info","message":"GET URL REQ => http://localhost:6201/api/v1/attendance/reportOptions","timestamp":"2025-01-01T06:49:17.262Z"}
{"level":"info","message":"GET URL REQ => http://localhost:6201/api/v1/attendance/reportOptions","timestamp":"2025-01-01T06:49:24.955Z"}
{"level":"info","message":"GET URL REQ => http://localhost:6201/api/v1/attendance/report","timestamp":"2025-01-01T06:49:36.212Z"}
{"level":"info","message":"server running --- from server.ts","timestamp":"2025-01-01T06:51:17.798Z"}
{"level":"info","message":"server running --- from server.ts","timestamp":"2025-01-01T06:51:26.166Z"}
{"level":"info","message":"server running --- from server.ts","timestamp":"2025-01-01T06:52:12.161Z"}
{"level":"info","message":"GET URL REQ => http://localhost:6201/api/v1/attendance/report","timestamp":"2025-01-01T06:53:09.666Z"}
{"level":"info","message":"server running --- from server.ts","timestamp":"2025-01-01T07:42:45.362Z"}
{"level":"info","message":"GET URL REQ => http://localhost:6201/api/v1/users/login","timestamp":"2025-01-01T07:42:53.256Z"}
{"level":"info","message":"GET URL REQ => http://localhost:6201/api/v1/staff/dashBoard","timestamp":"2025-01-01T07:42:55.617Z"}
{"level":"info","message":"Router-----store Register Form Data","timestamp":"2025-01-01T07:42:55.626Z"}
{"level":"info","message":"GET URL REQ => http://localhost:6201/api/v1/validateTokenData","timestamp":"2025-01-01T07:42:55.627Z"}
{"level":"info","message":"GET URL REQ => http://localhost:6201/api/v1/staff/dashBoard","timestamp":"2025-01-01T07:42:55.632Z"}
{"level":"info","message":"Router-----store Register Form Data","timestamp":"2025-01-01T07:42:55.636Z"}
{"level":"info","message":"GET URL REQ => http://localhost:6201/api/v1/validateTokenData","timestamp":"2025-01-01T07:42:55.637Z"}
{"level":"info","message":"Router-----store Register Form Data","timestamp":"2025-01-01T07:42:58.340Z"}
{"level":"info","message":"GET URL REQ => http://localhost:6201/api/v1/validateTokenData","timestamp":"2025-01-01T07:42:58.344Z"}
{"level":"info","message":"Router-----store Register Form Data","timestamp":"2025-01-01T07:42:58.347Z"}
{"level":"info","message":"GET URL REQ => http://localhost:6201/api/v1/validateTokenData","timestamp":"2025-01-01T07:42:58.348Z"}
{"level":"info","message":"GET URL REQ => http://localhost:6201/api/v1/attendance/overView","timestamp":"2025-01-01T07:42:58.351Z"}
{"level":"info","message":"GET URL REQ => http://localhost:6201/api/v1/attendance/overView","timestamp":"2025-01-01T07:42:58.360Z"}
{"level":"info","message":"GET URL REQ => http://localhost:6201/api/v1/attendance/session","timestamp":"2025-01-01T07:43:01.907Z"}
{"level":"info","message":"GET URL REQ => http://localhost:6201/api/v1/attendance/session","timestamp":"2025-01-01T07:43:01.919Z"}
{"level":"info","message":"GET URL REQ => http://localhost:6201/api/v1/attendance/reportOptions","timestamp":"2025-01-01T07:43:52.720Z"}
{"level":"info","message":"GET URL REQ => http://localhost:6201/api/v1/attendance/reportOptions","timestamp":"2025-01-01T07:44:07.391Z"}
{"level":"info","message":"GET URL REQ => http://localhost:6201/api/v1/attendance/report","timestamp":"2025-01-01T07:44:19.333Z"}
{"level":"info","message":"server running --- from server.ts","timestamp":"2025-01-01T07:44:54.896Z"}
{"level":"info","message":"server running --- from server.ts","timestamp":"2025-01-01T07:46:00.190Z"}
{"level":"info","message":"server running --- from server.ts","timestamp":"2025-01-01T07:46:34.629Z"}
{"level":"info","message":"server running --- from server.ts","timestamp":"2025-01-01T07:47:01.574Z"}
{"level":"info","message":"server running --- from server.ts","timestamp":"2025-01-01T12:32:37.147Z"}
{"level":"info","message":"GET URL REQ => http://localhost:6201/api/v1/users/login","timestamp":"2025-01-01T12:45:03.709Z"}
{"level":"info","message":"GET URL REQ => http://localhost:6201/api/v1/staff/dashBoard","timestamp":"2025-01-01T12:45:10.901Z"}
{"level":"info","message":"Router-----store Register Form Data","timestamp":"2025-01-01T12:45:10.908Z"}
{"level":"info","message":"GET URL REQ => http://localhost:6201/api/v1/validateTokenData","timestamp":"2025-01-01T12:45:10.910Z"}
{"level":"info","message":"GET URL REQ => http://localhost:6201/api/v1/staff/dashBoard","timestamp":"2025-01-01T12:45:10.917Z"}
{"level":"info","message":"Router-----store Register Form Data","timestamp":"2025-01-01T12:45:10.922Z"}
{"level":"info","message":"GET URL REQ => http://localhost:6201/api/v1/validateTokenData","timestamp":"2025-01-01T12:45:10.922Z"}
{"level":"info","message":"Router-----store Register Form Data","timestamp":"2025-01-01T12:46:23.538Z"}
{"level":"info","message":"GET URL REQ => http://localhost:6201/api/v1/validateTokenData","timestamp":"2025-01-01T12:46:23.542Z"}
{"level":"info","message":"Router-----store Register Form Data","timestamp":"2025-01-01T12:46:23.548Z"}
{"level":"info","message":"GET URL REQ => http://localhost:6201/api/v1/validateTokenData","timestamp":"2025-01-01T12:46:23.549Z"}
{"level":"info","message":"GET URL REQ => http://localhost:6201/api/v1/attendance/overView","timestamp":"2025-01-01T12:46:23.560Z"}
{"level":"info","message":"GET URL REQ => http://localhost:6201/api/v1/attendance/overView","timestamp":"2025-01-01T12:46:23.570Z"}
{"level":"info","message":"server running --- from server.ts","timestamp":"2025-01-01T12:49:04.259Z"}
{"level":"info","message":"server running --- from server.ts","timestamp":"2025-01-01T12:49:13.418Z"}
{"level":"info","message":"server running --- from server.ts","timestamp":"2025-01-01T14:32:35.338Z"}
{"level":"info","message":"GET URL REQ => http://localhost:6201/api/v1/users/login","timestamp":"2025-01-01T15:30:45.320Z"}
{"level":"info","message":"GET URL REQ => http://localhost:6201/api/v1/staff/dashBoard","timestamp":"2025-01-01T15:30:47.163Z"}
{"level":"info","message":"Router-----store Register Form Data","timestamp":"2025-01-01T15:30:47.175Z"}
{"level":"info","message":"GET URL REQ => http://localhost:6201/api/v1/validateTokenData","timestamp":"2025-01-01T15:30:47.177Z"}
{"level":"info","message":"GET URL REQ => http://localhost:6201/api/v1/staff/dashBoard","timestamp":"2025-01-01T15:30:47.182Z"}
{"level":"info","message":"Router-----store Register Form Data","timestamp":"2025-01-01T15:30:47.189Z"}
{"level":"info","message":"GET URL REQ => http://localhost:6201/api/v1/validateTokenData","timestamp":"2025-01-01T15:30:47.190Z"}
{"level":"info","message":"Router-----store Register Form Data","timestamp":"2025-01-01T15:30:48.128Z"}
{"level":"info","message":"GET URL REQ => http://localhost:6201/api/v1/validateTokenData","timestamp":"2025-01-01T15:30:48.132Z"}
{"level":"info","message":"GET URL REQ => http://localhost:6201/api/v1/attendance/overView","timestamp":"2025-01-01T15:30:48.136Z"}
{"level":"info","message":"Router-----store Register Form Data","timestamp":"2025-01-01T15:30:48.142Z"}
{"level":"info","message":"GET URL REQ => http://localhost:6201/api/v1/validateTokenData","timestamp":"2025-01-01T15:30:48.143Z"}
{"level":"info","message":"GET URL REQ => http://localhost:6201/api/v1/attendance/overView","timestamp":"2025-01-01T15:30:48.146Z"}
{"level":"info","message":"GET URL REQ => http://localhost:6201/api/v1/attendance/session","timestamp":"2025-01-01T15:30:49.457Z"}
{"level":"info","message":"GET URL REQ => http://localhost:6201/api/v1/attendance/session","timestamp":"2025-01-01T15:30:49.469Z"}
{"level":"info","message":"GET URL REQ => http://localhost:6201/api/v1/attendance/reportOptions","timestamp":"2025-01-01T15:31:38.007Z"}
{"level":"info","message":"server running --- from server.ts","timestamp":"2025-01-01T15:34:05.806Z"}
{"level":"info","message":"server running --- from server.ts","timestamp":"2025-01-01T15:34:25.353Z"}
{"level":"info","message":"server running --- from server.ts","timestamp":"2025-01-01T15:34:47.419Z"}
{"level":"info","message":"server running --- from server.ts","timestamp":"2025-01-01T15:35:11.564Z"}
{"level":"info","message":"server running --- from server.ts","timestamp":"2025-01-01T15:46:15.143Z"}
{"level":"info","message":"server running --- from server.ts","timestamp":"2025-01-01T16:31:23.809Z"}
{"level":"info","message":"server running --- from server.ts","timestamp":"2025-01-01T16:31:33.199Z"}
{"level":"info","message":"server running --- from server.ts","timestamp":"2025-01-01T16:34:56.571Z"}
{"level":"info","message":"server running --- from server.ts","timestamp":"2025-01-01T16:35:09.366Z"}
{"level":"info","message":"server running --- from server.ts","timestamp":"2025-01-01T16:36:16.640Z"}
{"level":"info","message":"server running --- from server.ts","timestamp":"2025-01-01T16:36:47.172Z"}
{"level":"info","message":"server running --- from server.ts","timestamp":"2025-01-01T16:37:00.088Z"}
{"level":"info","message":"server running --- from server.ts","timestamp":"2025-01-01T16:37:39.166Z"}
{"level":"info","message":"server running --- from server.ts","timestamp":"2025-01-01T16:38:00.933Z"}
{"level":"info","message":"server running --- from server.ts","timestamp":"2025-01-01T16:38:20.049Z"}
{"level":"info","message":"server running --- from server.ts","timestamp":"2025-01-01T16:38:37.970Z"}
{"level":"info","message":"server running --- from server.ts","timestamp":"2025-01-01T16:39:11.187Z"}
{"level":"info","message":"GET URL REQ => http://localhost:6201/api/v1/attendance/report","timestamp":"2025-01-01T16:41:03.419Z"}
{"level":"info","message":"server running --- from server.ts","timestamp":"2025-01-01T16:49:53.000Z"}
{"level":"info","message":"GET URL REQ => http://localhost:6201/api/v1/attendance/report","timestamp":"2025-01-01T16:49:57.280Z"}
{"level":"info","message":"server running --- from server.ts","timestamp":"2025-01-01T16:52:11.614Z"}
{"level":"info","message":"GET URL REQ => http://localhost:6201/api/v1/attendance/report","timestamp":"2025-01-01T16:52:16.902Z"}
{"level":"info","message":"server running --- from server.ts","timestamp":"2025-01-01T16:57:28.293Z"}
{"level":"info","message":"GET URL REQ => http://localhost:6201/api/v1/attendance/report","timestamp":"2025-01-01T16:57:37.407Z"}
{"level":"info","message":"server running --- from server.ts","timestamp":"2025-01-01T17:29:21.747Z"}
{"level":"info","message":"server running --- from server.ts","timestamp":"2025-01-01T17:29:59.569Z"}
{"level":"info","message":"server running --- from server.ts","timestamp":"2025-01-01T17:30:29.464Z"}
{"level":"info","message":"server running --- from server.ts","timestamp":"2025-01-01T17:31:16.005Z"}
{"level":"info","message":"server running --- from server.ts","timestamp":"2025-01-01T17:31:47.573Z"}
{"level":"info","message":"server running --- from server.ts","timestamp":"2025-01-01T17:31:58.861Z"}
{"level":"info","message":"server running --- from server.ts","timestamp":"2025-01-01T17:32:48.222Z"}
{"level":"info","message":"server running --- from server.ts","timestamp":"2025-01-01T17:34:31.992Z"}
{"level":"info","message":"server running --- from server.ts","timestamp":"2025-01-01T17:34:39.312Z"}
{"level":"info","message":"server running --- from server.ts","timestamp":"2025-01-01T17:34:47.462Z"}
{"level":"info","message":"GET URL REQ => http://localhost:6201/api/v1/attendance/report","timestamp":"2025-01-01T17:34:57.151Z"}
{"level":"info","message":"server running --- from server.ts","timestamp":"2025-01-01T17:35:23.728Z"}
{"level":"info","message":"server running --- from server.ts","timestamp":"2025-01-01T17:35:38.599Z"}
{"level":"info","message":"GET URL REQ => http://localhost:6201/api/v1/attendance/report","timestamp":"2025-01-01T17:35:43.748Z"}
{"level":"info","message":"server running --- from server.ts","timestamp":"2025-01-01T17:36:07.381Z"}
{"level":"info","message":"GET URL REQ => http://localhost:6201/api/v1/attendance/report","timestamp":"2025-01-01T17:36:09.931Z"}
{"level":"info","message":"server running --- from server.ts","timestamp":"2025-01-01T17:38:16.808Z"}
{"level":"info","message":"server running --- from server.ts","timestamp":"2025-01-01T17:38:22.033Z"}
{"level":"info","message":"GET URL REQ => http://localhost:6201/api/v1/attendance/report","timestamp":"2025-01-01T17:38:26.539Z"}
{"level":"info","message":"server running --- from server.ts","timestamp":"2025-01-01T17:40:13.751Z"}
{"level":"info","message":"server running --- from server.ts","timestamp":"2025-01-01T17:40:29.938Z"}
{"level":"info","message":"GET URL REQ => http://localhost:6201/api/v1/attendance/report","timestamp":"2025-01-01T17:40:33.743Z"}
{"level":"info","message":"server running --- from server.ts","timestamp":"2025-01-01T17:41:47.608Z"}
{"level":"info","message":"GET URL REQ => http://localhost:6201/api/v1/attendance/report","timestamp":"2025-01-01T17:41:51.588Z"}
{"level":"info","message":"server running --- from server.ts","timestamp":"2025-01-01T17:42:41.900Z"}
{"level":"info","message":"GET URL REQ => http://localhost:6201/api/v1/attendance/report","timestamp":"2025-01-01T17:42:46.198Z"}
{"level":"info","message":"server running --- from server.ts","timestamp":"2025-01-01T17:43:47.104Z"}
{"level":"info","message":"GET URL REQ => http://localhost:6201/api/v1/attendance/report","timestamp":"2025-01-01T17:43:52.455Z"}
{"level":"info","message":"server running --- from server.ts","timestamp":"2025-01-01T17:44:21.375Z"}
{"level":"info","message":"GET URL REQ => http://localhost:6201/api/v1/attendance/report","timestamp":"2025-01-01T17:44:23.376Z"}
{"level":"info","message":"server running --- from server.ts","timestamp":"2025-01-01T17:46:32.722Z"}
{"level":"info","message":"GET URL REQ => http://localhost:6201/api/v1/attendance/report","timestamp":"2025-01-01T17:46:37.021Z"}
{"level":"info","message":"server running --- from server.ts","timestamp":"2025-01-01T17:49:59.787Z"}
{"level":"info","message":"server running --- from server.ts","timestamp":"2025-01-01T17:50:21.548Z"}
{"level":"info","message":"GET URL REQ => http://localhost:6201/api/v1/attendance/report","timestamp":"2025-01-01T17:50:27.431Z"}
{"level":"info","message":"server running --- from server.ts","timestamp":"2025-01-01T17:50:48.817Z"}
{"level":"info","message":"server running --- from server.ts","timestamp":"2025-01-01T17:50:53.519Z"}
{"level":"info","message":"server running --- from server.ts","timestamp":"2025-01-01T17:51:16.731Z"}
{"level":"info","message":"server running --- from server.ts","timestamp":"2025-01-01T17:51:23.537Z"}
{"level":"info","message":"server running --- from server.ts","timestamp":"2025-01-01T17:52:12.964Z"}
{"level":"info","message":"server running --- from server.ts","timestamp":"2025-01-01T17:52:33.787Z"}
{"level":"info","message":"server running --- from server.ts","timestamp":"2025-01-01T17:52:51.211Z"}
{"level":"info","message":"server running --- from server.ts","timestamp":"2025-01-01T17:53:38.658Z"}
{"level":"info","message":"server running --- from server.ts","timestamp":"2025-01-01T17:53:52.083Z"}
{"level":"info","message":"server running --- from server.ts","timestamp":"2025-01-01T17:53:58.215Z"}
{"level":"info","message":"server running --- from server.ts","timestamp":"2025-01-01T17:54:36.005Z"}
{"level":"info","message":"server running --- from server.ts","timestamp":"2025-01-01T17:56:24.213Z"}
{"level":"info","message":"server running --- from server.ts","timestamp":"2025-01-01T17:57:39.935Z"}
{"level":"info","message":"server running --- from server.ts","timestamp":"2025-01-01T17:58:11.063Z"}
{"level":"info","message":"server running --- from server.ts","timestamp":"2025-01-01T17:58:30.009Z"}
{"level":"info","message":"server running --- from server.ts","timestamp":"2025-01-01T17:58:40.415Z"}
{"level":"info","message":"server running --- from server.ts","timestamp":"2025-01-01T17:58:48.056Z"}
{"level":"info","message":"GET URL REQ => http://localhost:6201/api/v1/attendance/report","timestamp":"2025-01-01T17:58:52.129Z"}
{"level":"info","message":"GET URL REQ => http://localhost:6201/api/v1/attendance/report","timestamp":"2025-01-01T17:59:25.362Z"}
{"level":"info","message":"server running --- from server.ts","timestamp":"2025-01-01T17:59:59.992Z"}
{"level":"info","message":"GET URL REQ => http://localhost:6201/api/v1/attendance/report","timestamp":"2025-01-01T18:00:05.012Z"}
{"level":"info","message":"GET URL REQ => http://localhost:6201/api/v1/attendance/report","timestamp":"2025-01-01T18:00:31.735Z"}
{"level":"info","message":"GET URL REQ => http://localhost:6201/api/v1/attendance/report","timestamp":"2025-01-01T18:01:33.391Z"}
{"level":"info","message":"server running --- from server.ts","timestamp":"2025-01-01T18:08:00.096Z"}
{"level":"info","message":"GET URL REQ => http://localhost:6201/api/v1/attendance/report","timestamp":"2025-01-01T18:08:20.330Z"}
{"level":"info","message":"server running --- from server.ts","timestamp":"2025-01-01T18:11:23.459Z"}
{"level":"info","message":"server running --- from server.ts","timestamp":"2025-01-01T18:11:35.748Z"}
{"level":"info","message":"server running --- from server.ts","timestamp":"2025-01-01T18:11:50.467Z"}
{"level":"info","message":"server running --- from server.ts","timestamp":"2025-01-01T18:12:05.968Z"}
{"level":"info","message":"GET URL REQ => http://localhost:6201/api/v1/attendance/report","timestamp":"2025-01-01T18:12:11.740Z"}
{"level":"info","message":"server running --- from server.ts","timestamp":"2025-01-01T18:12:35.887Z"}
{"level":"info","message":"server running --- from server.ts","timestamp":"2025-01-01T18:12:53.073Z"}
{"level":"info","message":"GET URL REQ => http://localhost:6201/api/v1/attendance/report","timestamp":"2025-01-01T18:12:57.635Z"}
{"level":"info","message":"server running --- from server.ts","timestamp":"2025-01-01T18:15:24.380Z"}
{"level":"info","message":"server running --- from server.ts","timestamp":"2025-01-01T18:15:43.701Z"}
{"level":"info","message":"GET URL REQ => http://localhost:6201/api/v1/attendance/report","timestamp":"2025-01-01T18:15:53.511Z"}
{"level":"info","message":"server running --- from server.ts","timestamp":"2025-01-01T18:26:28.010Z"}
{"level":"info","message":"GET URL REQ => http://localhost:6201/api/v1/attendance/report","timestamp":"2025-01-01T18:26:34.367Z"}
{"level":"info","message":"server running --- from server.ts","timestamp":"2025-01-01T18:27:03.874Z"}
{"level":"info","message":"server running --- from server.ts","timestamp":"2025-01-01T18:27:11.155Z"}
{"level":"info","message":"server running --- from server.ts","timestamp":"2025-01-01T18:27:22.425Z"}
{"level":"info","message":"GET URL REQ => http://localhost:6201/api/v1/attendance/report","timestamp":"2025-01-01T18:27:27.419Z"}
{"level":"info","message":"GET URL REQ => http://localhost:6201/api/v1/attendance/report","timestamp":"2025-01-01T18:27:40.314Z"}
{"level":"info","message":"server running --- from server.ts","timestamp":"2025-01-01T18:28:01.559Z"}
{"level":"info","message":"server running --- from server.ts","timestamp":"2025-01-01T18:28:09.882Z"}
